Archive member included to satisfy reference by file (symbol)

c:/st/stm32cubeide_1.8.0/stm32cubeide/plugins/com.st.stm32cube.ide.mcu.externaltools.gnu-tools-for-stm32.9-2020-q2-update.win32_2.0.0.202105311346/tools/bin/../lib/gcc/arm-none-eabi/9.3.1/../../../../arm-none-eabi/lib/thumb/v7e-m+fp/hard\libc_nano.a(lib_a-errno.o)
                              ./Src/syscalls.o (__errno)
c:/st/stm32cubeide_1.8.0/stm32cubeide/plugins/com.st.stm32cube.ide.mcu.externaltools.gnu-tools-for-stm32.9-2020-q2-update.win32_2.0.0.202105311346/tools/bin/../lib/gcc/arm-none-eabi/9.3.1/../../../../arm-none-eabi/lib/thumb/v7e-m+fp/hard\libc_nano.a(lib_a-exit.o)
                              c:/st/stm32cubeide_1.8.0/stm32cubeide/plugins/com.st.stm32cube.ide.mcu.externaltools.gnu-tools-for-stm32.9-2020-q2-update.win32_2.0.0.202105311346/tools/bin/../lib/gcc/arm-none-eabi/9.3.1/../../../../arm-none-eabi/lib/thumb/v7e-m+fp/hard/crt0.o (exit)
c:/st/stm32cubeide_1.8.0/stm32cubeide/plugins/com.st.stm32cube.ide.mcu.externaltools.gnu-tools-for-stm32.9-2020-q2-update.win32_2.0.0.202105311346/tools/bin/../lib/gcc/arm-none-eabi/9.3.1/../../../../arm-none-eabi/lib/thumb/v7e-m+fp/hard\libc_nano.a(lib_a-impure.o)
                              c:/st/stm32cubeide_1.8.0/stm32cubeide/plugins/com.st.stm32cube.ide.mcu.externaltools.gnu-tools-for-stm32.9-2020-q2-update.win32_2.0.0.202105311346/tools/bin/../lib/gcc/arm-none-eabi/9.3.1/../../../../arm-none-eabi/lib/thumb/v7e-m+fp/hard\libc_nano.a(lib_a-exit.o) (_global_impure_ptr)
c:/st/stm32cubeide_1.8.0/stm32cubeide/plugins/com.st.stm32cube.ide.mcu.externaltools.gnu-tools-for-stm32.9-2020-q2-update.win32_2.0.0.202105311346/tools/bin/../lib/gcc/arm-none-eabi/9.3.1/../../../../arm-none-eabi/lib/thumb/v7e-m+fp/hard\libc_nano.a(lib_a-init.o)
                              c:/st/stm32cubeide_1.8.0/stm32cubeide/plugins/com.st.stm32cube.ide.mcu.externaltools.gnu-tools-for-stm32.9-2020-q2-update.win32_2.0.0.202105311346/tools/bin/../lib/gcc/arm-none-eabi/9.3.1/../../../../arm-none-eabi/lib/thumb/v7e-m+fp/hard/crt0.o (__libc_init_array)
c:/st/stm32cubeide_1.8.0/stm32cubeide/plugins/com.st.stm32cube.ide.mcu.externaltools.gnu-tools-for-stm32.9-2020-q2-update.win32_2.0.0.202105311346/tools/bin/../lib/gcc/arm-none-eabi/9.3.1/../../../../arm-none-eabi/lib/thumb/v7e-m+fp/hard\libc_nano.a(lib_a-memset.o)
                              c:/st/stm32cubeide_1.8.0/stm32cubeide/plugins/com.st.stm32cube.ide.mcu.externaltools.gnu-tools-for-stm32.9-2020-q2-update.win32_2.0.0.202105311346/tools/bin/../lib/gcc/arm-none-eabi/9.3.1/../../../../arm-none-eabi/lib/thumb/v7e-m+fp/hard/crt0.o (memset)
c:/st/stm32cubeide_1.8.0/stm32cubeide/plugins/com.st.stm32cube.ide.mcu.externaltools.gnu-tools-for-stm32.9-2020-q2-update.win32_2.0.0.202105311346/tools/bin/../lib/gcc/arm-none-eabi/9.3.1/../../../../arm-none-eabi/lib/thumb/v7e-m+fp/hard\libc_nano.a(lib_a-strlen.o)
                              ./Src/main.o (strlen)

Allocating common symbols
Common symbol       size              file

usart_init          0x14              ./Src/main.o
data                0x1               ./Src/main.o
a                   0x100             ./Src/main.o

Discarded input sections

 .text          0x0000000000000000        0x0 c:/st/stm32cubeide_1.8.0/stm32cubeide/plugins/com.st.stm32cube.ide.mcu.externaltools.gnu-tools-for-stm32.9-2020-q2-update.win32_2.0.0.202105311346/tools/bin/../lib/gcc/arm-none-eabi/9.3.1/thumb/v7e-m+fp/hard/crti.o
 .data          0x0000000000000000        0x0 c:/st/stm32cubeide_1.8.0/stm32cubeide/plugins/com.st.stm32cube.ide.mcu.externaltools.gnu-tools-for-stm32.9-2020-q2-update.win32_2.0.0.202105311346/tools/bin/../lib/gcc/arm-none-eabi/9.3.1/thumb/v7e-m+fp/hard/crti.o
 .bss           0x0000000000000000        0x0 c:/st/stm32cubeide_1.8.0/stm32cubeide/plugins/com.st.stm32cube.ide.mcu.externaltools.gnu-tools-for-stm32.9-2020-q2-update.win32_2.0.0.202105311346/tools/bin/../lib/gcc/arm-none-eabi/9.3.1/thumb/v7e-m+fp/hard/crti.o
 .data          0x0000000000000000        0x4 c:/st/stm32cubeide_1.8.0/stm32cubeide/plugins/com.st.stm32cube.ide.mcu.externaltools.gnu-tools-for-stm32.9-2020-q2-update.win32_2.0.0.202105311346/tools/bin/../lib/gcc/arm-none-eabi/9.3.1/thumb/v7e-m+fp/hard/crtbegin.o
 .text          0x0000000000000000       0x7c c:/st/stm32cubeide_1.8.0/stm32cubeide/plugins/com.st.stm32cube.ide.mcu.externaltools.gnu-tools-for-stm32.9-2020-q2-update.win32_2.0.0.202105311346/tools/bin/../lib/gcc/arm-none-eabi/9.3.1/../../../../arm-none-eabi/lib/thumb/v7e-m+fp/hard/crt0.o
 .data          0x0000000000000000        0x0 c:/st/stm32cubeide_1.8.0/stm32cubeide/plugins/com.st.stm32cube.ide.mcu.externaltools.gnu-tools-for-stm32.9-2020-q2-update.win32_2.0.0.202105311346/tools/bin/../lib/gcc/arm-none-eabi/9.3.1/../../../../arm-none-eabi/lib/thumb/v7e-m+fp/hard/crt0.o
 .bss           0x0000000000000000        0x0 c:/st/stm32cubeide_1.8.0/stm32cubeide/plugins/com.st.stm32cube.ide.mcu.externaltools.gnu-tools-for-stm32.9-2020-q2-update.win32_2.0.0.202105311346/tools/bin/../lib/gcc/arm-none-eabi/9.3.1/../../../../arm-none-eabi/lib/thumb/v7e-m+fp/hard/crt0.o
 .ARM.extab     0x0000000000000000        0x0 c:/st/stm32cubeide_1.8.0/stm32cubeide/plugins/com.st.stm32cube.ide.mcu.externaltools.gnu-tools-for-stm32.9-2020-q2-update.win32_2.0.0.202105311346/tools/bin/../lib/gcc/arm-none-eabi/9.3.1/../../../../arm-none-eabi/lib/thumb/v7e-m+fp/hard/crt0.o
 .ARM.exidx     0x0000000000000000       0x10 c:/st/stm32cubeide_1.8.0/stm32cubeide/plugins/com.st.stm32cube.ide.mcu.externaltools.gnu-tools-for-stm32.9-2020-q2-update.win32_2.0.0.202105311346/tools/bin/../lib/gcc/arm-none-eabi/9.3.1/../../../../arm-none-eabi/lib/thumb/v7e-m+fp/hard/crt0.o
 .ARM.attributes
                0x0000000000000000       0x1c c:/st/stm32cubeide_1.8.0/stm32cubeide/plugins/com.st.stm32cube.ide.mcu.externaltools.gnu-tools-for-stm32.9-2020-q2-update.win32_2.0.0.202105311346/tools/bin/../lib/gcc/arm-none-eabi/9.3.1/../../../../arm-none-eabi/lib/thumb/v7e-m+fp/hard/crt0.o
 .group         0x0000000000000000        0xc ./Src/main.o
 .group         0x0000000000000000        0xc ./Src/main.o
 .group         0x0000000000000000        0xc ./Src/main.o
 .group         0x0000000000000000        0xc ./Src/main.o
 .group         0x0000000000000000        0xc ./Src/main.o
 .group         0x0000000000000000        0xc ./Src/main.o
 .group         0x0000000000000000        0xc ./Src/main.o
 .group         0x0000000000000000        0xc ./Src/main.o
 .group         0x0000000000000000        0xc ./Src/main.o
 .group         0x0000000000000000        0xc ./Src/main.o
 .group         0x0000000000000000        0xc ./Src/main.o
 .group         0x0000000000000000        0xc ./Src/main.o
 .group         0x0000000000000000        0xc ./Src/main.o
 .group         0x0000000000000000        0xc ./Src/main.o
 .group         0x0000000000000000        0xc ./Src/main.o
 .group         0x0000000000000000        0xc ./Src/main.o
 .group         0x0000000000000000        0xc ./Src/main.o
 .group         0x0000000000000000        0xc ./Src/main.o
 .group         0x0000000000000000        0xc ./Src/main.o
 .group         0x0000000000000000        0xc ./Src/main.o
 .group         0x0000000000000000        0xc ./Src/main.o
 .group         0x0000000000000000        0xc ./Src/main.o
 .group         0x0000000000000000        0xc ./Src/main.o
 .group         0x0000000000000000        0xc ./Src/main.o
 .group         0x0000000000000000        0xc ./Src/main.o
 .group         0x0000000000000000        0xc ./Src/main.o
 .group         0x0000000000000000        0xc ./Src/main.o
 .group         0x0000000000000000        0xc ./Src/main.o
 .group         0x0000000000000000        0xc ./Src/main.o
 .group         0x0000000000000000        0xc ./Src/main.o
 .group         0x0000000000000000        0xc ./Src/main.o
 .text          0x0000000000000000        0x0 ./Src/main.o
 .data          0x0000000000000000        0x0 ./Src/main.o
 .bss           0x0000000000000000        0x0 ./Src/main.o
 .group         0x0000000000000000        0xc ./Src/syscalls.o
 .group         0x0000000000000000        0xc ./Src/syscalls.o
 .group         0x0000000000000000        0xc ./Src/syscalls.o
 .group         0x0000000000000000        0xc ./Src/syscalls.o
 .group         0x0000000000000000        0xc ./Src/syscalls.o
 .group         0x0000000000000000        0xc ./Src/syscalls.o
 .group         0x0000000000000000        0xc ./Src/syscalls.o
 .group         0x0000000000000000        0xc ./Src/syscalls.o
 .group         0x0000000000000000        0xc ./Src/syscalls.o
 .group         0x0000000000000000        0xc ./Src/syscalls.o
 .group         0x0000000000000000        0xc ./Src/syscalls.o
 .group         0x0000000000000000        0xc ./Src/syscalls.o
 .group         0x0000000000000000        0xc ./Src/syscalls.o
 .group         0x0000000000000000        0xc ./Src/syscalls.o
 .group         0x0000000000000000        0xc ./Src/syscalls.o
 .group         0x0000000000000000        0xc ./Src/syscalls.o
 .group         0x0000000000000000        0xc ./Src/syscalls.o
 .group         0x0000000000000000        0xc ./Src/syscalls.o
 .group         0x0000000000000000        0xc ./Src/syscalls.o
 .group         0x0000000000000000        0xc ./Src/syscalls.o
 .group         0x0000000000000000        0xc ./Src/syscalls.o
 .group         0x0000000000000000        0xc ./Src/syscalls.o
 .group         0x0000000000000000        0xc ./Src/syscalls.o
 .group         0x0000000000000000        0xc ./Src/syscalls.o
 .group         0x0000000000000000        0xc ./Src/syscalls.o
 .group         0x0000000000000000        0xc ./Src/syscalls.o
 .group         0x0000000000000000        0xc ./Src/syscalls.o
 .group         0x0000000000000000        0xc ./Src/syscalls.o
 .group         0x0000000000000000        0xc ./Src/syscalls.o
 .group         0x0000000000000000        0xc ./Src/syscalls.o
 .group         0x0000000000000000        0xc ./Src/syscalls.o
 .group         0x0000000000000000        0xc ./Src/syscalls.o
 .group         0x0000000000000000        0xc ./Src/syscalls.o
 .group         0x0000000000000000        0xc ./Src/syscalls.o
 .group         0x0000000000000000        0xc ./Src/syscalls.o
 .group         0x0000000000000000        0xc ./Src/syscalls.o
 .group         0x0000000000000000        0xc ./Src/syscalls.o
 .group         0x0000000000000000        0xc ./Src/syscalls.o
 .group         0x0000000000000000        0xc ./Src/syscalls.o
 .group         0x0000000000000000        0xc ./Src/syscalls.o
 .group         0x0000000000000000        0xc ./Src/syscalls.o
 .group         0x0000000000000000        0xc ./Src/syscalls.o
 .group         0x0000000000000000        0xc ./Src/syscalls.o
 .group         0x0000000000000000        0xc ./Src/syscalls.o
 .group         0x0000000000000000        0xc ./Src/syscalls.o
 .group         0x0000000000000000        0xc ./Src/syscalls.o
 .group         0x0000000000000000        0xc ./Src/syscalls.o
 .text          0x0000000000000000        0x0 ./Src/syscalls.o
 .data          0x0000000000000000        0x0 ./Src/syscalls.o
 .bss           0x0000000000000000        0x0 ./Src/syscalls.o
 .bss.__env     0x0000000000000000        0x4 ./Src/syscalls.o
 .data.environ  0x0000000000000000        0x4 ./Src/syscalls.o
 .text.initialise_monitor_handles
                0x0000000000000000        0xe ./Src/syscalls.o
 .text._getpid  0x0000000000000000       0x10 ./Src/syscalls.o
 .text._kill    0x0000000000000000       0x20 ./Src/syscalls.o
 .text._exit    0x0000000000000000       0x14 ./Src/syscalls.o
 .text._read    0x0000000000000000       0x3a ./Src/syscalls.o
 .text._write   0x0000000000000000       0x38 ./Src/syscalls.o
 .text._close   0x0000000000000000       0x18 ./Src/syscalls.o
 .text._fstat   0x0000000000000000       0x20 ./Src/syscalls.o
 .text._isatty  0x0000000000000000       0x16 ./Src/syscalls.o
 .text._lseek   0x0000000000000000       0x1a ./Src/syscalls.o
 .text._open    0x0000000000000000       0x1c ./Src/syscalls.o
 .text._wait    0x0000000000000000       0x1e ./Src/syscalls.o
 .text._unlink  0x0000000000000000       0x1e ./Src/syscalls.o
 .text._times   0x0000000000000000       0x18 ./Src/syscalls.o
 .text._stat    0x0000000000000000       0x20 ./Src/syscalls.o
 .text._link    0x0000000000000000       0x20 ./Src/syscalls.o
 .text._fork    0x0000000000000000       0x16 ./Src/syscalls.o
 .text._execve  0x0000000000000000       0x22 ./Src/syscalls.o
 .debug_info    0x0000000000000000      0xfa8 ./Src/syscalls.o
 .debug_abbrev  0x0000000000000000      0x286 ./Src/syscalls.o
 .debug_aranges
                0x0000000000000000       0xa8 ./Src/syscalls.o
 .debug_ranges  0x0000000000000000       0x98 ./Src/syscalls.o
 .debug_macro   0x0000000000000000      0x24c ./Src/syscalls.o
 .debug_macro   0x0000000000000000      0xaae ./Src/syscalls.o
 .debug_macro   0x0000000000000000       0x22 ./Src/syscalls.o
 .debug_macro   0x0000000000000000       0x4c ./Src/syscalls.o
 .debug_macro   0x0000000000000000       0x18 ./Src/syscalls.o
 .debug_macro   0x0000000000000000       0x94 ./Src/syscalls.o
 .debug_macro   0x0000000000000000       0x3c ./Src/syscalls.o
 .debug_macro   0x0000000000000000       0x34 ./Src/syscalls.o
 .debug_macro   0x0000000000000000       0x57 ./Src/syscalls.o
 .debug_macro   0x0000000000000000      0x174 ./Src/syscalls.o
 .debug_macro   0x0000000000000000      0x339 ./Src/syscalls.o
 .debug_macro   0x0000000000000000       0x16 ./Src/syscalls.o
 .debug_macro   0x0000000000000000       0x43 ./Src/syscalls.o
 .debug_macro   0x0000000000000000       0x34 ./Src/syscalls.o
 .debug_macro   0x0000000000000000       0x10 ./Src/syscalls.o
 .debug_macro   0x0000000000000000       0x58 ./Src/syscalls.o
 .debug_macro   0x0000000000000000       0x71 ./Src/syscalls.o
 .debug_macro   0x0000000000000000       0x1c ./Src/syscalls.o
 .debug_macro   0x0000000000000000      0x12a ./Src/syscalls.o
 .debug_macro   0x0000000000000000       0x10 ./Src/syscalls.o
 .debug_macro   0x0000000000000000       0x35 ./Src/syscalls.o
 .debug_macro   0x0000000000000000       0x10 ./Src/syscalls.o
 .debug_macro   0x0000000000000000       0x10 ./Src/syscalls.o
 .debug_macro   0x0000000000000000       0x10 ./Src/syscalls.o
 .debug_macro   0x0000000000000000       0x6a ./Src/syscalls.o
 .debug_macro   0x0000000000000000       0x1c ./Src/syscalls.o
 .debug_macro   0x0000000000000000       0x52 ./Src/syscalls.o
 .debug_macro   0x0000000000000000       0x22 ./Src/syscalls.o
 .debug_macro   0x0000000000000000       0x10 ./Src/syscalls.o
 .debug_macro   0x0000000000000000       0x40 ./Src/syscalls.o
 .debug_macro   0x0000000000000000       0xd5 ./Src/syscalls.o
 .debug_macro   0x0000000000000000       0x1c ./Src/syscalls.o
 .debug_macro   0x0000000000000000       0x3d ./Src/syscalls.o
 .debug_macro   0x0000000000000000       0x35 ./Src/syscalls.o
 .debug_macro   0x0000000000000000      0x12c ./Src/syscalls.o
 .debug_macro   0x0000000000000000       0x16 ./Src/syscalls.o
 .debug_macro   0x0000000000000000       0x16 ./Src/syscalls.o
 .debug_macro   0x0000000000000000       0x29 ./Src/syscalls.o
 .debug_macro   0x0000000000000000       0x10 ./Src/syscalls.o
 .debug_macro   0x0000000000000000      0x241 ./Src/syscalls.o
 .debug_macro   0x0000000000000000       0x1c ./Src/syscalls.o
 .debug_macro   0x0000000000000000       0x10 ./Src/syscalls.o
 .debug_macro   0x0000000000000000       0x10 ./Src/syscalls.o
 .debug_macro   0x0000000000000000       0x16 ./Src/syscalls.o
 .debug_macro   0x0000000000000000      0x145 ./Src/syscalls.o
 .debug_macro   0x0000000000000000      0x189 ./Src/syscalls.o
 .debug_macro   0x0000000000000000       0x16 ./Src/syscalls.o
 .debug_macro   0x0000000000000000       0xce ./Src/syscalls.o
 .debug_line    0x0000000000000000      0x7fd ./Src/syscalls.o
 .debug_str     0x0000000000000000     0x8ec6 ./Src/syscalls.o
 .comment       0x0000000000000000       0x54 ./Src/syscalls.o
 .debug_frame   0x0000000000000000      0x2ac ./Src/syscalls.o
 .ARM.attributes
                0x0000000000000000       0x34 ./Src/syscalls.o
 .group         0x0000000000000000        0xc ./Src/sysmem.o
 .group         0x0000000000000000        0xc ./Src/sysmem.o
 .group         0x0000000000000000        0xc ./Src/sysmem.o
 .group         0x0000000000000000        0xc ./Src/sysmem.o
 .group         0x0000000000000000        0xc ./Src/sysmem.o
 .group         0x0000000000000000        0xc ./Src/sysmem.o
 .group         0x0000000000000000        0xc ./Src/sysmem.o
 .group         0x0000000000000000        0xc ./Src/sysmem.o
 .group         0x0000000000000000        0xc ./Src/sysmem.o
 .group         0x0000000000000000        0xc ./Src/sysmem.o
 .group         0x0000000000000000        0xc ./Src/sysmem.o
 .group         0x0000000000000000        0xc ./Src/sysmem.o
 .group         0x0000000000000000        0xc ./Src/sysmem.o
 .group         0x0000000000000000        0xc ./Src/sysmem.o
 .group         0x0000000000000000        0xc ./Src/sysmem.o
 .group         0x0000000000000000        0xc ./Src/sysmem.o
 .group         0x0000000000000000        0xc ./Src/sysmem.o
 .group         0x0000000000000000        0xc ./Src/sysmem.o
 .group         0x0000000000000000        0xc ./Src/sysmem.o
 .group         0x0000000000000000        0xc ./Src/sysmem.o
 .group         0x0000000000000000        0xc ./Src/sysmem.o
 .group         0x0000000000000000        0xc ./Src/sysmem.o
 .text          0x0000000000000000        0x0 ./Src/sysmem.o
 .data          0x0000000000000000        0x0 ./Src/sysmem.o
 .bss           0x0000000000000000        0x0 ./Src/sysmem.o
 .bss.__sbrk_heap_end
                0x0000000000000000        0x4 ./Src/sysmem.o
 .text._sbrk    0x0000000000000000       0x6c ./Src/sysmem.o
 .debug_info    0x0000000000000000      0xa25 ./Src/sysmem.o
 .debug_abbrev  0x0000000000000000      0x1bf ./Src/sysmem.o
 .debug_aranges
                0x0000000000000000       0x20 ./Src/sysmem.o
 .debug_ranges  0x0000000000000000       0x10 ./Src/sysmem.o
 .debug_macro   0x0000000000000000       0xff ./Src/sysmem.o
 .debug_macro   0x0000000000000000      0xaae ./Src/sysmem.o
 .debug_macro   0x0000000000000000       0x10 ./Src/sysmem.o
 .debug_macro   0x0000000000000000       0x22 ./Src/sysmem.o
 .debug_macro   0x0000000000000000       0x4c ./Src/sysmem.o
 .debug_macro   0x0000000000000000       0x18 ./Src/sysmem.o
 .debug_macro   0x0000000000000000       0x94 ./Src/sysmem.o
 .debug_macro   0x0000000000000000       0x3c ./Src/sysmem.o
 .debug_macro   0x0000000000000000       0x34 ./Src/sysmem.o
 .debug_macro   0x0000000000000000      0x174 ./Src/sysmem.o
 .debug_macro   0x0000000000000000       0x16 ./Src/sysmem.o
 .debug_macro   0x0000000000000000       0x43 ./Src/sysmem.o
 .debug_macro   0x0000000000000000       0x57 ./Src/sysmem.o
 .debug_macro   0x0000000000000000       0x34 ./Src/sysmem.o
 .debug_macro   0x0000000000000000       0x10 ./Src/sysmem.o
 .debug_macro   0x0000000000000000       0x58 ./Src/sysmem.o
 .debug_macro   0x0000000000000000       0x71 ./Src/sysmem.o
 .debug_macro   0x0000000000000000       0x1c ./Src/sysmem.o
 .debug_macro   0x0000000000000000      0x12a ./Src/sysmem.o
 .debug_macro   0x0000000000000000      0x23b ./Src/sysmem.o
 .debug_macro   0x0000000000000000      0x103 ./Src/sysmem.o
 .debug_macro   0x0000000000000000       0x6a ./Src/sysmem.o
 .debug_macro   0x0000000000000000      0x1df ./Src/sysmem.o
 .debug_line    0x0000000000000000      0x4f3 ./Src/sysmem.o
 .debug_str     0x0000000000000000     0x6299 ./Src/sysmem.o
 .comment       0x0000000000000000       0x54 ./Src/sysmem.o
 .debug_frame   0x0000000000000000       0x34 ./Src/sysmem.o
 .ARM.attributes
                0x0000000000000000       0x34 ./Src/sysmem.o
 .text          0x0000000000000000       0x14 ./Startup/startup_stm32f407vetx.o
 .data          0x0000000000000000        0x0 ./Startup/startup_stm32f407vetx.o
 .bss           0x0000000000000000        0x0 ./Startup/startup_stm32f407vetx.o
 .group         0x0000000000000000        0xc ./drivers/Src/queue.o
 .group         0x0000000000000000        0xc ./drivers/Src/queue.o
 .group         0x0000000000000000        0xc ./drivers/Src/queue.o
 .group         0x0000000000000000        0xc ./drivers/Src/queue.o
 .group         0x0000000000000000        0xc ./drivers/Src/queue.o
 .group         0x0000000000000000        0xc ./drivers/Src/queue.o
 .group         0x0000000000000000        0xc ./drivers/Src/queue.o
 .group         0x0000000000000000        0xc ./drivers/Src/queue.o
 .group         0x0000000000000000        0xc ./drivers/Src/queue.o
 .group         0x0000000000000000        0xc ./drivers/Src/queue.o
 .group         0x0000000000000000        0xc ./drivers/Src/queue.o
 .text          0x0000000000000000        0x0 ./drivers/Src/queue.o
 .data          0x0000000000000000        0x0 ./drivers/Src/queue.o
 .bss           0x0000000000000000        0x0 ./drivers/Src/queue.o
 .debug_macro   0x0000000000000000      0xaae ./drivers/Src/queue.o
 .debug_macro   0x0000000000000000      0x174 ./drivers/Src/queue.o
 .debug_macro   0x0000000000000000      0x415 ./drivers/Src/queue.o
 .debug_macro   0x0000000000000000       0x22 ./drivers/Src/queue.o
 .debug_macro   0x0000000000000000       0x8e ./drivers/Src/queue.o
 .debug_macro   0x0000000000000000       0x51 ./drivers/Src/queue.o
 .debug_macro   0x0000000000000000      0x103 ./drivers/Src/queue.o
 .debug_macro   0x0000000000000000       0x6a ./drivers/Src/queue.o
 .debug_macro   0x0000000000000000      0x1df ./drivers/Src/queue.o
 .debug_macro   0x0000000000000000      0x1d9 ./drivers/Src/queue.o
 .debug_macro   0x0000000000000000       0xac ./drivers/Src/queue.o
 .group         0x0000000000000000        0xc ./drivers/Src/stm32407xx_gpio_driver.o
 .group         0x0000000000000000        0xc ./drivers/Src/stm32407xx_gpio_driver.o
 .group         0x0000000000000000        0xc ./drivers/Src/stm32407xx_gpio_driver.o
 .group         0x0000000000000000        0xc ./drivers/Src/stm32407xx_gpio_driver.o
 .group         0x0000000000000000        0xc ./drivers/Src/stm32407xx_gpio_driver.o
 .group         0x0000000000000000        0xc ./drivers/Src/stm32407xx_gpio_driver.o
 .group         0x0000000000000000        0xc ./drivers/Src/stm32407xx_gpio_driver.o
 .group         0x0000000000000000        0xc ./drivers/Src/stm32407xx_gpio_driver.o
 .group         0x0000000000000000        0xc ./drivers/Src/stm32407xx_gpio_driver.o
 .group         0x0000000000000000        0xc ./drivers/Src/stm32407xx_gpio_driver.o
 .group         0x0000000000000000        0xc ./drivers/Src/stm32407xx_gpio_driver.o
 .group         0x0000000000000000        0xc ./drivers/Src/stm32407xx_gpio_driver.o
 .text          0x0000000000000000        0x0 ./drivers/Src/stm32407xx_gpio_driver.o
 .data          0x0000000000000000        0x0 ./drivers/Src/stm32407xx_gpio_driver.o
 .bss           0x0000000000000000        0x0 ./drivers/Src/stm32407xx_gpio_driver.o
 .text.GPIO_deinit
                0x0000000000000000      0x16c ./drivers/Src/stm32407xx_gpio_driver.o
 .text.GPIO_ReadInputPin
                0x0000000000000000       0x30 ./drivers/Src/stm32407xx_gpio_driver.o
 .text.GPIO_ReadInputPort
                0x0000000000000000       0x1c ./drivers/Src/stm32407xx_gpio_driver.o
 .text.GPIO_WriteOutputPort
                0x0000000000000000       0x24 ./drivers/Src/stm32407xx_gpio_driver.o
 .text.GPIO_WriteOutputPin
                0x0000000000000000       0x4a ./drivers/Src/stm32407xx_gpio_driver.o
 .text.GPIO_ToggleOutputPin
                0x0000000000000000       0x2a ./drivers/Src/stm32407xx_gpio_driver.o
 .text.GPIO_altfn
                0x0000000000000000        0xe ./drivers/Src/stm32407xx_gpio_driver.o
 .text.GPIO_IRQ_PriorityConfig
                0x0000000000000000       0x74 ./drivers/Src/stm32407xx_gpio_driver.o
 .debug_macro   0x0000000000000000      0xaae ./drivers/Src/stm32407xx_gpio_driver.o
 .debug_macro   0x0000000000000000      0x174 ./drivers/Src/stm32407xx_gpio_driver.o
 .debug_macro   0x0000000000000000      0x415 ./drivers/Src/stm32407xx_gpio_driver.o
 .debug_macro   0x0000000000000000       0x22 ./drivers/Src/stm32407xx_gpio_driver.o
 .debug_macro   0x0000000000000000       0x8e ./drivers/Src/stm32407xx_gpio_driver.o
 .debug_macro   0x0000000000000000       0x51 ./drivers/Src/stm32407xx_gpio_driver.o
 .debug_macro   0x0000000000000000      0x103 ./drivers/Src/stm32407xx_gpio_driver.o
 .debug_macro   0x0000000000000000       0x6a ./drivers/Src/stm32407xx_gpio_driver.o
 .debug_macro   0x0000000000000000      0x1df ./drivers/Src/stm32407xx_gpio_driver.o
 .debug_macro   0x0000000000000000      0x1d9 ./drivers/Src/stm32407xx_gpio_driver.o
 .debug_macro   0x0000000000000000       0xac ./drivers/Src/stm32407xx_gpio_driver.o
 .group         0x0000000000000000        0xc ./drivers/Src/stm32f407xx_I2C_driver.o
 .group         0x0000000000000000        0xc ./drivers/Src/stm32f407xx_I2C_driver.o
 .group         0x0000000000000000        0xc ./drivers/Src/stm32f407xx_I2C_driver.o
 .group         0x0000000000000000        0xc ./drivers/Src/stm32f407xx_I2C_driver.o
 .group         0x0000000000000000        0xc ./drivers/Src/stm32f407xx_I2C_driver.o
 .group         0x0000000000000000        0xc ./drivers/Src/stm32f407xx_I2C_driver.o
 .group         0x0000000000000000        0xc ./drivers/Src/stm32f407xx_I2C_driver.o
 .group         0x0000000000000000        0xc ./drivers/Src/stm32f407xx_I2C_driver.o
 .group         0x0000000000000000        0xc ./drivers/Src/stm32f407xx_I2C_driver.o
 .group         0x0000000000000000        0xc ./drivers/Src/stm32f407xx_I2C_driver.o
 .group         0x0000000000000000        0xc ./drivers/Src/stm32f407xx_I2C_driver.o
 .text          0x0000000000000000        0x0 ./drivers/Src/stm32f407xx_I2C_driver.o
 .data          0x0000000000000000        0x0 ./drivers/Src/stm32f407xx_I2C_driver.o
 .bss           0x0000000000000000        0x0 ./drivers/Src/stm32f407xx_I2C_driver.o
 .data.factor_AHB
                0x0000000000000000       0x10 ./drivers/Src/stm32f407xx_I2C_driver.o
 .data.factor_APB1
                0x0000000000000000        0x4 ./drivers/Src/stm32f407xx_I2C_driver.o
 .text.getPCLK1Freq
                0x0000000000000000       0xa8 ./drivers/Src/stm32f407xx_I2C_driver.o
 .text.I2C_Peripehral_clk_control
                0x0000000000000000       0xb8 ./drivers/Src/stm32f407xx_I2C_driver.o
 .text.I2C_EnDi
                0x0000000000000000       0x3e ./drivers/Src/stm32f407xx_I2C_driver.o
 .text.I2C_init
                0x0000000000000000      0x178 ./drivers/Src/stm32f407xx_I2C_driver.o
 .text.I2C_MasterSendData
                0x0000000000000000       0xc6 ./drivers/Src/stm32f407xx_I2C_driver.o
 .text.I2C_MasterReceiveData
                0x0000000000000000      0x13a ./drivers/Src/stm32f407xx_I2C_driver.o
 .text.I2C_Gen_Start
                0x0000000000000000       0x20 ./drivers/Src/stm32f407xx_I2C_driver.o
 .text.I2C_GetFlagStatus
                0x0000000000000000       0x28 ./drivers/Src/stm32f407xx_I2C_driver.o
 .text.I2C_ExecuteAddressPhase
                0x0000000000000000       0x2c ./drivers/Src/stm32f407xx_I2C_driver.o
 .text.I2C_ExecuteAddressPhaseRead
                0x0000000000000000       0x2c ./drivers/Src/stm32f407xx_I2C_driver.o
 .text.ClearAddrFlag
                0x0000000000000000       0x88 ./drivers/Src/stm32f407xx_I2C_driver.o
 .text.I2C_Gen_Stop
                0x0000000000000000       0x20 ./drivers/Src/stm32f407xx_I2C_driver.o
 .text.EnDi_Interrupts
                0x0000000000000000       0x56 ./drivers/Src/stm32f407xx_I2C_driver.o
 .text.I2C_MasterReceiveDataIT
                0x0000000000000000       0x60 ./drivers/Src/stm32f407xx_I2C_driver.o
 .text.I2C_MasterSendDataIT
                0x0000000000000000       0x72 ./drivers/Src/stm32f407xx_I2C_driver.o
 .text.I2C_EV_IRQHandling
                0x0000000000000000      0x18c ./drivers/Src/stm32f407xx_I2C_driver.o
 .text.I2CMasterHandleTXEInterrupt
                0x0000000000000000       0x3c ./drivers/Src/stm32f407xx_I2C_driver.o
 .text.I2CMasterHandleRXNEInterrupt
                0x0000000000000000       0xb0 ./drivers/Src/stm32f407xx_I2C_driver.o
 .text.I2C_CloseSendData
                0x0000000000000000       0x62 ./drivers/Src/stm32f407xx_I2C_driver.o
 .text.I2C_CloseReceiveData
                0x0000000000000000       0x62 ./drivers/Src/stm32f407xx_I2C_driver.o
 .text.I2C_IRQConfig
                0x0000000000000000       0x8c ./drivers/Src/stm32f407xx_I2C_driver.o
 .debug_info    0x0000000000000000      0xa5e ./drivers/Src/stm32f407xx_I2C_driver.o
 .debug_abbrev  0x0000000000000000      0x242 ./drivers/Src/stm32f407xx_I2C_driver.o
 .debug_aranges
                0x0000000000000000       0xc0 ./drivers/Src/stm32f407xx_I2C_driver.o
 .debug_ranges  0x0000000000000000       0xb0 ./drivers/Src/stm32f407xx_I2C_driver.o
 .debug_macro   0x0000000000000000       0x95 ./drivers/Src/stm32f407xx_I2C_driver.o
 .debug_macro   0x0000000000000000      0xaae ./drivers/Src/stm32f407xx_I2C_driver.o
 .debug_macro   0x0000000000000000      0x174 ./drivers/Src/stm32f407xx_I2C_driver.o
 .debug_macro   0x0000000000000000      0x415 ./drivers/Src/stm32f407xx_I2C_driver.o
 .debug_macro   0x0000000000000000       0x22 ./drivers/Src/stm32f407xx_I2C_driver.o
 .debug_macro   0x0000000000000000       0x8e ./drivers/Src/stm32f407xx_I2C_driver.o
 .debug_macro   0x0000000000000000       0x51 ./drivers/Src/stm32f407xx_I2C_driver.o
 .debug_macro   0x0000000000000000      0x103 ./drivers/Src/stm32f407xx_I2C_driver.o
 .debug_macro   0x0000000000000000       0x6a ./drivers/Src/stm32f407xx_I2C_driver.o
 .debug_macro   0x0000000000000000      0x1df ./drivers/Src/stm32f407xx_I2C_driver.o
 .debug_macro   0x0000000000000000      0x1d9 ./drivers/Src/stm32f407xx_I2C_driver.o
 .debug_macro   0x0000000000000000       0xac ./drivers/Src/stm32f407xx_I2C_driver.o
 .debug_line    0x0000000000000000      0xb47 ./drivers/Src/stm32f407xx_I2C_driver.o
 .debug_str     0x0000000000000000     0x5f1a ./drivers/Src/stm32f407xx_I2C_driver.o
 .comment       0x0000000000000000       0x54 ./drivers/Src/stm32f407xx_I2C_driver.o
 .debug_frame   0x0000000000000000      0x33c ./drivers/Src/stm32f407xx_I2C_driver.o
 .ARM.attributes
                0x0000000000000000       0x34 ./drivers/Src/stm32f407xx_I2C_driver.o
 .group         0x0000000000000000        0xc ./drivers/Src/stm32f407xx_SPI_driver.o
 .group         0x0000000000000000        0xc ./drivers/Src/stm32f407xx_SPI_driver.o
 .group         0x0000000000000000        0xc ./drivers/Src/stm32f407xx_SPI_driver.o
 .group         0x0000000000000000        0xc ./drivers/Src/stm32f407xx_SPI_driver.o
 .group         0x0000000000000000        0xc ./drivers/Src/stm32f407xx_SPI_driver.o
 .group         0x0000000000000000        0xc ./drivers/Src/stm32f407xx_SPI_driver.o
 .group         0x0000000000000000        0xc ./drivers/Src/stm32f407xx_SPI_driver.o
 .group         0x0000000000000000        0xc ./drivers/Src/stm32f407xx_SPI_driver.o
 .group         0x0000000000000000        0xc ./drivers/Src/stm32f407xx_SPI_driver.o
 .group         0x0000000000000000        0xc ./drivers/Src/stm32f407xx_SPI_driver.o
 .group         0x0000000000000000        0xc ./drivers/Src/stm32f407xx_SPI_driver.o
 .group         0x0000000000000000        0xc ./drivers/Src/stm32f407xx_SPI_driver.o
 .text          0x0000000000000000        0x0 ./drivers/Src/stm32f407xx_SPI_driver.o
 .data          0x0000000000000000        0x0 ./drivers/Src/stm32f407xx_SPI_driver.o
 .bss           0x0000000000000000        0x0 ./drivers/Src/stm32f407xx_SPI_driver.o
 .text.SPI_Peripehral_clk_control
                0x0000000000000000       0xb8 ./drivers/Src/stm32f407xx_SPI_driver.o
 .text.SPI_init
                0x0000000000000000       0xde ./drivers/Src/stm32f407xx_SPI_driver.o
 .text.SPI_SendData
                0x0000000000000000       0x82 ./drivers/Src/stm32f407xx_SPI_driver.o
 .text.SPI_ReceiveData
                0x0000000000000000       0x7c ./drivers/Src/stm32f407xx_SPI_driver.o
 .text.SPI_EnDi
                0x0000000000000000       0x5c ./drivers/Src/stm32f407xx_SPI_driver.o
 .text.SPI_GetStatusFLAG
                0x0000000000000000       0x20 ./drivers/Src/stm32f407xx_SPI_driver.o
 .text.SPI_IRQConfig
                0x0000000000000000       0x8c ./drivers/Src/stm32f407xx_SPI_driver.o
 .text.SPI_IRQ_PriorityConfig
                0x0000000000000000       0x74 ./drivers/Src/stm32f407xx_SPI_driver.o
 .text.SPI_IRQHandling
                0x0000000000000000       0x6c ./drivers/Src/stm32f407xx_SPI_driver.o
 .text.SPI_SendDataIT
                0x0000000000000000       0x48 ./drivers/Src/stm32f407xx_SPI_driver.o
 .text.SPI_ReceiveDataIT
                0x0000000000000000       0x48 ./drivers/Src/stm32f407xx_SPI_driver.o
 .text.spi_txe_handle
                0x0000000000000000       0xa6 ./drivers/Src/stm32f407xx_SPI_driver.o
 .text.spi_rxe_handle
                0x0000000000000000       0xa0 ./drivers/Src/stm32f407xx_SPI_driver.o
 .text.SPI_ApplicationEventCallback
                0x0000000000000000       0x18 ./drivers/Src/stm32f407xx_SPI_driver.o
 .debug_info    0x0000000000000000      0x886 ./drivers/Src/stm32f407xx_SPI_driver.o
 .debug_abbrev  0x0000000000000000      0x1b4 ./drivers/Src/stm32f407xx_SPI_driver.o
 .debug_aranges
                0x0000000000000000       0x88 ./drivers/Src/stm32f407xx_SPI_driver.o
 .debug_ranges  0x0000000000000000       0x78 ./drivers/Src/stm32f407xx_SPI_driver.o
 .debug_macro   0x0000000000000000       0xa4 ./drivers/Src/stm32f407xx_SPI_driver.o
 .debug_macro   0x0000000000000000      0xaae ./drivers/Src/stm32f407xx_SPI_driver.o
 .debug_macro   0x0000000000000000      0x174 ./drivers/Src/stm32f407xx_SPI_driver.o
 .debug_macro   0x0000000000000000      0x415 ./drivers/Src/stm32f407xx_SPI_driver.o
 .debug_macro   0x0000000000000000       0x22 ./drivers/Src/stm32f407xx_SPI_driver.o
 .debug_macro   0x0000000000000000       0x8e ./drivers/Src/stm32f407xx_SPI_driver.o
 .debug_macro   0x0000000000000000       0x51 ./drivers/Src/stm32f407xx_SPI_driver.o
 .debug_macro   0x0000000000000000      0x103 ./drivers/Src/stm32f407xx_SPI_driver.o
 .debug_macro   0x0000000000000000       0x6a ./drivers/Src/stm32f407xx_SPI_driver.o
 .debug_macro   0x0000000000000000      0x1df ./drivers/Src/stm32f407xx_SPI_driver.o
 .debug_macro   0x0000000000000000      0x1d9 ./drivers/Src/stm32f407xx_SPI_driver.o
 .debug_macro   0x0000000000000000       0xac ./drivers/Src/stm32f407xx_SPI_driver.o
 .debug_macro   0x0000000000000000       0xdc ./drivers/Src/stm32f407xx_SPI_driver.o
 .debug_line    0x0000000000000000      0x85f ./drivers/Src/stm32f407xx_SPI_driver.o
 .debug_str     0x0000000000000000     0x60ce ./drivers/Src/stm32f407xx_SPI_driver.o
 .comment       0x0000000000000000       0x54 ./drivers/Src/stm32f407xx_SPI_driver.o
 .debug_frame   0x0000000000000000      0x230 ./drivers/Src/stm32f407xx_SPI_driver.o
 .ARM.attributes
                0x0000000000000000       0x34 ./drivers/Src/stm32f407xx_SPI_driver.o
 .group         0x0000000000000000        0xc ./drivers/Src/stm32f4xx_USART_driver.o
 .group         0x0000000000000000        0xc ./drivers/Src/stm32f4xx_USART_driver.o
 .group         0x0000000000000000        0xc ./drivers/Src/stm32f4xx_USART_driver.o
 .group         0x0000000000000000        0xc ./drivers/Src/stm32f4xx_USART_driver.o
 .group         0x0000000000000000        0xc ./drivers/Src/stm32f4xx_USART_driver.o
 .group         0x0000000000000000        0xc ./drivers/Src/stm32f4xx_USART_driver.o
 .group         0x0000000000000000        0xc ./drivers/Src/stm32f4xx_USART_driver.o
 .group         0x0000000000000000        0xc ./drivers/Src/stm32f4xx_USART_driver.o
 .group         0x0000000000000000        0xc ./drivers/Src/stm32f4xx_USART_driver.o
 .group         0x0000000000000000        0xc ./drivers/Src/stm32f4xx_USART_driver.o
 .group         0x0000000000000000        0xc ./drivers/Src/stm32f4xx_USART_driver.o
 .group         0x0000000000000000        0xc ./drivers/Src/stm32f4xx_USART_driver.o
 .text          0x0000000000000000        0x0 ./drivers/Src/stm32f4xx_USART_driver.o
 .data          0x0000000000000000        0x0 ./drivers/Src/stm32f4xx_USART_driver.o
 .bss           0x0000000000000000        0x0 ./drivers/Src/stm32f4xx_USART_driver.o
 .debug_macro   0x0000000000000000      0xaae ./drivers/Src/stm32f4xx_USART_driver.o
 .debug_macro   0x0000000000000000      0x174 ./drivers/Src/stm32f4xx_USART_driver.o
 .debug_macro   0x0000000000000000      0x415 ./drivers/Src/stm32f4xx_USART_driver.o
 .debug_macro   0x0000000000000000       0x22 ./drivers/Src/stm32f4xx_USART_driver.o
 .debug_macro   0x0000000000000000       0x8e ./drivers/Src/stm32f4xx_USART_driver.o
 .debug_macro   0x0000000000000000       0x51 ./drivers/Src/stm32f4xx_USART_driver.o
 .debug_macro   0x0000000000000000      0x103 ./drivers/Src/stm32f4xx_USART_driver.o
 .debug_macro   0x0000000000000000       0x6a ./drivers/Src/stm32f4xx_USART_driver.o
 .debug_macro   0x0000000000000000      0x1df ./drivers/Src/stm32f4xx_USART_driver.o
 .debug_macro   0x0000000000000000      0x1d9 ./drivers/Src/stm32f4xx_USART_driver.o
 .debug_macro   0x0000000000000000       0xac ./drivers/Src/stm32f4xx_USART_driver.o
 .group         0x0000000000000000        0xc ./drivers/Src/timebase.o
 .group         0x0000000000000000        0xc ./drivers/Src/timebase.o
 .group         0x0000000000000000        0xc ./drivers/Src/timebase.o
 .group         0x0000000000000000        0xc ./drivers/Src/timebase.o
 .group         0x0000000000000000        0xc ./drivers/Src/timebase.o
 .group         0x0000000000000000        0xc ./drivers/Src/timebase.o
 .group         0x0000000000000000        0xc ./drivers/Src/timebase.o
 .group         0x0000000000000000        0xc ./drivers/Src/timebase.o
 .group         0x0000000000000000        0xc ./drivers/Src/timebase.o
 .group         0x0000000000000000        0xc ./drivers/Src/timebase.o
 .group         0x0000000000000000        0xc ./drivers/Src/timebase.o
 .group         0x0000000000000000        0xc ./drivers/Src/timebase.o
 .text          0x0000000000000000        0x0 ./drivers/Src/timebase.o
 .data          0x0000000000000000        0x0 ./drivers/Src/timebase.o
 .bss           0x0000000000000000        0x0 ./drivers/Src/timebase.o
 .debug_macro   0x0000000000000000      0xaae ./drivers/Src/timebase.o
 .debug_macro   0x0000000000000000      0x174 ./drivers/Src/timebase.o
 .debug_macro   0x0000000000000000      0x415 ./drivers/Src/timebase.o
 .debug_macro   0x0000000000000000       0x22 ./drivers/Src/timebase.o
 .debug_macro   0x0000000000000000       0x8e ./drivers/Src/timebase.o
 .debug_macro   0x0000000000000000       0x51 ./drivers/Src/timebase.o
 .debug_macro   0x0000000000000000      0x103 ./drivers/Src/timebase.o
 .debug_macro   0x0000000000000000       0x6a ./drivers/Src/timebase.o
 .debug_macro   0x0000000000000000      0x1df ./drivers/Src/timebase.o
 .debug_macro   0x0000000000000000      0x1d9 ./drivers/Src/timebase.o
 .debug_macro   0x0000000000000000       0xac ./drivers/Src/timebase.o
 .text          0x0000000000000000        0x0 c:/st/stm32cubeide_1.8.0/stm32cubeide/plugins/com.st.stm32cube.ide.mcu.externaltools.gnu-tools-for-stm32.9-2020-q2-update.win32_2.0.0.202105311346/tools/bin/../lib/gcc/arm-none-eabi/9.3.1/../../../../arm-none-eabi/lib/thumb/v7e-m+fp/hard\libc_nano.a(lib_a-errno.o)
 .data          0x0000000000000000        0x0 c:/st/stm32cubeide_1.8.0/stm32cubeide/plugins/com.st.stm32cube.ide.mcu.externaltools.gnu-tools-for-stm32.9-2020-q2-update.win32_2.0.0.202105311346/tools/bin/../lib/gcc/arm-none-eabi/9.3.1/../../../../arm-none-eabi/lib/thumb/v7e-m+fp/hard\libc_nano.a(lib_a-errno.o)
 .bss           0x0000000000000000        0x0 c:/st/stm32cubeide_1.8.0/stm32cubeide/plugins/com.st.stm32cube.ide.mcu.externaltools.gnu-tools-for-stm32.9-2020-q2-update.win32_2.0.0.202105311346/tools/bin/../lib/gcc/arm-none-eabi/9.3.1/../../../../arm-none-eabi/lib/thumb/v7e-m+fp/hard\libc_nano.a(lib_a-errno.o)
 .text.__errno  0x0000000000000000        0xc c:/st/stm32cubeide_1.8.0/stm32cubeide/plugins/com.st.stm32cube.ide.mcu.externaltools.gnu-tools-for-stm32.9-2020-q2-update.win32_2.0.0.202105311346/tools/bin/../lib/gcc/arm-none-eabi/9.3.1/../../../../arm-none-eabi/lib/thumb/v7e-m+fp/hard\libc_nano.a(lib_a-errno.o)
 .debug_frame   0x0000000000000000       0x20 c:/st/stm32cubeide_1.8.0/stm32cubeide/plugins/com.st.stm32cube.ide.mcu.externaltools.gnu-tools-for-stm32.9-2020-q2-update.win32_2.0.0.202105311346/tools/bin/../lib/gcc/arm-none-eabi/9.3.1/../../../../arm-none-eabi/lib/thumb/v7e-m+fp/hard\libc_nano.a(lib_a-errno.o)
 .ARM.attributes
                0x0000000000000000       0x34 c:/st/stm32cubeide_1.8.0/stm32cubeide/plugins/com.st.stm32cube.ide.mcu.externaltools.gnu-tools-for-stm32.9-2020-q2-update.win32_2.0.0.202105311346/tools/bin/../lib/gcc/arm-none-eabi/9.3.1/../../../../arm-none-eabi/lib/thumb/v7e-m+fp/hard\libc_nano.a(lib_a-errno.o)
 .text          0x0000000000000000        0x0 c:/st/stm32cubeide_1.8.0/stm32cubeide/plugins/com.st.stm32cube.ide.mcu.externaltools.gnu-tools-for-stm32.9-2020-q2-update.win32_2.0.0.202105311346/tools/bin/../lib/gcc/arm-none-eabi/9.3.1/../../../../arm-none-eabi/lib/thumb/v7e-m+fp/hard\libc_nano.a(lib_a-exit.o)
 .data          0x0000000000000000        0x0 c:/st/stm32cubeide_1.8.0/stm32cubeide/plugins/com.st.stm32cube.ide.mcu.externaltools.gnu-tools-for-stm32.9-2020-q2-update.win32_2.0.0.202105311346/tools/bin/../lib/gcc/arm-none-eabi/9.3.1/../../../../arm-none-eabi/lib/thumb/v7e-m+fp/hard\libc_nano.a(lib_a-exit.o)
 .bss           0x0000000000000000        0x0 c:/st/stm32cubeide_1.8.0/stm32cubeide/plugins/com.st.stm32cube.ide.mcu.externaltools.gnu-tools-for-stm32.9-2020-q2-update.win32_2.0.0.202105311346/tools/bin/../lib/gcc/arm-none-eabi/9.3.1/../../../../arm-none-eabi/lib/thumb/v7e-m+fp/hard\libc_nano.a(lib_a-exit.o)
 .text.exit     0x0000000000000000       0x28 c:/st/stm32cubeide_1.8.0/stm32cubeide/plugins/com.st.stm32cube.ide.mcu.externaltools.gnu-tools-for-stm32.9-2020-q2-update.win32_2.0.0.202105311346/tools/bin/../lib/gcc/arm-none-eabi/9.3.1/../../../../arm-none-eabi/lib/thumb/v7e-m+fp/hard\libc_nano.a(lib_a-exit.o)
 .debug_frame   0x0000000000000000       0x28 c:/st/stm32cubeide_1.8.0/stm32cubeide/plugins/com.st.stm32cube.ide.mcu.externaltools.gnu-tools-for-stm32.9-2020-q2-update.win32_2.0.0.202105311346/tools/bin/../lib/gcc/arm-none-eabi/9.3.1/../../../../arm-none-eabi/lib/thumb/v7e-m+fp/hard\libc_nano.a(lib_a-exit.o)
 .ARM.attributes
                0x0000000000000000       0x34 c:/st/stm32cubeide_1.8.0/stm32cubeide/plugins/com.st.stm32cube.ide.mcu.externaltools.gnu-tools-for-stm32.9-2020-q2-update.win32_2.0.0.202105311346/tools/bin/../lib/gcc/arm-none-eabi/9.3.1/../../../../arm-none-eabi/lib/thumb/v7e-m+fp/hard\libc_nano.a(lib_a-exit.o)
 .text          0x0000000000000000        0x0 c:/st/stm32cubeide_1.8.0/stm32cubeide/plugins/com.st.stm32cube.ide.mcu.externaltools.gnu-tools-for-stm32.9-2020-q2-update.win32_2.0.0.202105311346/tools/bin/../lib/gcc/arm-none-eabi/9.3.1/../../../../arm-none-eabi/lib/thumb/v7e-m+fp/hard\libc_nano.a(lib_a-impure.o)
 .data          0x0000000000000000        0x0 c:/st/stm32cubeide_1.8.0/stm32cubeide/plugins/com.st.stm32cube.ide.mcu.externaltools.gnu-tools-for-stm32.9-2020-q2-update.win32_2.0.0.202105311346/tools/bin/../lib/gcc/arm-none-eabi/9.3.1/../../../../arm-none-eabi/lib/thumb/v7e-m+fp/hard\libc_nano.a(lib_a-impure.o)
 .bss           0x0000000000000000        0x0 c:/st/stm32cubeide_1.8.0/stm32cubeide/plugins/com.st.stm32cube.ide.mcu.externaltools.gnu-tools-for-stm32.9-2020-q2-update.win32_2.0.0.202105311346/tools/bin/../lib/gcc/arm-none-eabi/9.3.1/../../../../arm-none-eabi/lib/thumb/v7e-m+fp/hard\libc_nano.a(lib_a-impure.o)
 .data._impure_ptr
                0x0000000000000000        0x4 c:/st/stm32cubeide_1.8.0/stm32cubeide/plugins/com.st.stm32cube.ide.mcu.externaltools.gnu-tools-for-stm32.9-2020-q2-update.win32_2.0.0.202105311346/tools/bin/../lib/gcc/arm-none-eabi/9.3.1/../../../../arm-none-eabi/lib/thumb/v7e-m+fp/hard\libc_nano.a(lib_a-impure.o)
 .data.impure_data
                0x0000000000000000       0x60 c:/st/stm32cubeide_1.8.0/stm32cubeide/plugins/com.st.stm32cube.ide.mcu.externaltools.gnu-tools-for-stm32.9-2020-q2-update.win32_2.0.0.202105311346/tools/bin/../lib/gcc/arm-none-eabi/9.3.1/../../../../arm-none-eabi/lib/thumb/v7e-m+fp/hard\libc_nano.a(lib_a-impure.o)
 .rodata._global_impure_ptr
                0x0000000000000000        0x4 c:/st/stm32cubeide_1.8.0/stm32cubeide/plugins/com.st.stm32cube.ide.mcu.externaltools.gnu-tools-for-stm32.9-2020-q2-update.win32_2.0.0.202105311346/tools/bin/../lib/gcc/arm-none-eabi/9.3.1/../../../../arm-none-eabi/lib/thumb/v7e-m+fp/hard\libc_nano.a(lib_a-impure.o)
 .ARM.attributes
                0x0000000000000000       0x32 c:/st/stm32cubeide_1.8.0/stm32cubeide/plugins/com.st.stm32cube.ide.mcu.externaltools.gnu-tools-for-stm32.9-2020-q2-update.win32_2.0.0.202105311346/tools/bin/../lib/gcc/arm-none-eabi/9.3.1/../../../../arm-none-eabi/lib/thumb/v7e-m+fp/hard\libc_nano.a(lib_a-impure.o)
 .text          0x0000000000000000        0x0 c:/st/stm32cubeide_1.8.0/stm32cubeide/plugins/com.st.stm32cube.ide.mcu.externaltools.gnu-tools-for-stm32.9-2020-q2-update.win32_2.0.0.202105311346/tools/bin/../lib/gcc/arm-none-eabi/9.3.1/../../../../arm-none-eabi/lib/thumb/v7e-m+fp/hard\libc_nano.a(lib_a-init.o)
 .data          0x0000000000000000        0x0 c:/st/stm32cubeide_1.8.0/stm32cubeide/plugins/com.st.stm32cube.ide.mcu.externaltools.gnu-tools-for-stm32.9-2020-q2-update.win32_2.0.0.202105311346/tools/bin/../lib/gcc/arm-none-eabi/9.3.1/../../../../arm-none-eabi/lib/thumb/v7e-m+fp/hard\libc_nano.a(lib_a-init.o)
 .bss           0x0000000000000000        0x0 c:/st/stm32cubeide_1.8.0/stm32cubeide/plugins/com.st.stm32cube.ide.mcu.externaltools.gnu-tools-for-stm32.9-2020-q2-update.win32_2.0.0.202105311346/tools/bin/../lib/gcc/arm-none-eabi/9.3.1/../../../../arm-none-eabi/lib/thumb/v7e-m+fp/hard\libc_nano.a(lib_a-init.o)
 .text          0x0000000000000000        0x0 c:/st/stm32cubeide_1.8.0/stm32cubeide/plugins/com.st.stm32cube.ide.mcu.externaltools.gnu-tools-for-stm32.9-2020-q2-update.win32_2.0.0.202105311346/tools/bin/../lib/gcc/arm-none-eabi/9.3.1/../../../../arm-none-eabi/lib/thumb/v7e-m+fp/hard\libc_nano.a(lib_a-memset.o)
 .data          0x0000000000000000        0x0 c:/st/stm32cubeide_1.8.0/stm32cubeide/plugins/com.st.stm32cube.ide.mcu.externaltools.gnu-tools-for-stm32.9-2020-q2-update.win32_2.0.0.202105311346/tools/bin/../lib/gcc/arm-none-eabi/9.3.1/../../../../arm-none-eabi/lib/thumb/v7e-m+fp/hard\libc_nano.a(lib_a-memset.o)
 .bss           0x0000000000000000        0x0 c:/st/stm32cubeide_1.8.0/stm32cubeide/plugins/com.st.stm32cube.ide.mcu.externaltools.gnu-tools-for-stm32.9-2020-q2-update.win32_2.0.0.202105311346/tools/bin/../lib/gcc/arm-none-eabi/9.3.1/../../../../arm-none-eabi/lib/thumb/v7e-m+fp/hard\libc_nano.a(lib_a-memset.o)
 .text.memset   0x0000000000000000       0x10 c:/st/stm32cubeide_1.8.0/stm32cubeide/plugins/com.st.stm32cube.ide.mcu.externaltools.gnu-tools-for-stm32.9-2020-q2-update.win32_2.0.0.202105311346/tools/bin/../lib/gcc/arm-none-eabi/9.3.1/../../../../arm-none-eabi/lib/thumb/v7e-m+fp/hard\libc_nano.a(lib_a-memset.o)
 .debug_frame   0x0000000000000000       0x20 c:/st/stm32cubeide_1.8.0/stm32cubeide/plugins/com.st.stm32cube.ide.mcu.externaltools.gnu-tools-for-stm32.9-2020-q2-update.win32_2.0.0.202105311346/tools/bin/../lib/gcc/arm-none-eabi/9.3.1/../../../../arm-none-eabi/lib/thumb/v7e-m+fp/hard\libc_nano.a(lib_a-memset.o)
 .ARM.attributes
                0x0000000000000000       0x34 c:/st/stm32cubeide_1.8.0/stm32cubeide/plugins/com.st.stm32cube.ide.mcu.externaltools.gnu-tools-for-stm32.9-2020-q2-update.win32_2.0.0.202105311346/tools/bin/../lib/gcc/arm-none-eabi/9.3.1/../../../../arm-none-eabi/lib/thumb/v7e-m+fp/hard\libc_nano.a(lib_a-memset.o)
 .data          0x0000000000000000        0x0 c:/st/stm32cubeide_1.8.0/stm32cubeide/plugins/com.st.stm32cube.ide.mcu.externaltools.gnu-tools-for-stm32.9-2020-q2-update.win32_2.0.0.202105311346/tools/bin/../lib/gcc/arm-none-eabi/9.3.1/../../../../arm-none-eabi/lib/thumb/v7e-m+fp/hard\libc_nano.a(lib_a-strlen.o)
 .bss           0x0000000000000000        0x0 c:/st/stm32cubeide_1.8.0/stm32cubeide/plugins/com.st.stm32cube.ide.mcu.externaltools.gnu-tools-for-stm32.9-2020-q2-update.win32_2.0.0.202105311346/tools/bin/../lib/gcc/arm-none-eabi/9.3.1/../../../../arm-none-eabi/lib/thumb/v7e-m+fp/hard\libc_nano.a(lib_a-strlen.o)
 .text          0x0000000000000000        0x0 c:/st/stm32cubeide_1.8.0/stm32cubeide/plugins/com.st.stm32cube.ide.mcu.externaltools.gnu-tools-for-stm32.9-2020-q2-update.win32_2.0.0.202105311346/tools/bin/../lib/gcc/arm-none-eabi/9.3.1/thumb/v7e-m+fp/hard/crtend.o
 .data          0x0000000000000000        0x0 c:/st/stm32cubeide_1.8.0/stm32cubeide/plugins/com.st.stm32cube.ide.mcu.externaltools.gnu-tools-for-stm32.9-2020-q2-update.win32_2.0.0.202105311346/tools/bin/../lib/gcc/arm-none-eabi/9.3.1/thumb/v7e-m+fp/hard/crtend.o
 .bss           0x0000000000000000        0x0 c:/st/stm32cubeide_1.8.0/stm32cubeide/plugins/com.st.stm32cube.ide.mcu.externaltools.gnu-tools-for-stm32.9-2020-q2-update.win32_2.0.0.202105311346/tools/bin/../lib/gcc/arm-none-eabi/9.3.1/thumb/v7e-m+fp/hard/crtend.o
 .eh_frame      0x0000000000000000        0x4 c:/st/stm32cubeide_1.8.0/stm32cubeide/plugins/com.st.stm32cube.ide.mcu.externaltools.gnu-tools-for-stm32.9-2020-q2-update.win32_2.0.0.202105311346/tools/bin/../lib/gcc/arm-none-eabi/9.3.1/thumb/v7e-m+fp/hard/crtend.o
 .ARM.attributes
                0x0000000000000000       0x32 c:/st/stm32cubeide_1.8.0/stm32cubeide/plugins/com.st.stm32cube.ide.mcu.externaltools.gnu-tools-for-stm32.9-2020-q2-update.win32_2.0.0.202105311346/tools/bin/../lib/gcc/arm-none-eabi/9.3.1/thumb/v7e-m+fp/hard/crtend.o
 .text          0x0000000000000000        0x0 c:/st/stm32cubeide_1.8.0/stm32cubeide/plugins/com.st.stm32cube.ide.mcu.externaltools.gnu-tools-for-stm32.9-2020-q2-update.win32_2.0.0.202105311346/tools/bin/../lib/gcc/arm-none-eabi/9.3.1/thumb/v7e-m+fp/hard/crtn.o
 .data          0x0000000000000000        0x0 c:/st/stm32cubeide_1.8.0/stm32cubeide/plugins/com.st.stm32cube.ide.mcu.externaltools.gnu-tools-for-stm32.9-2020-q2-update.win32_2.0.0.202105311346/tools/bin/../lib/gcc/arm-none-eabi/9.3.1/thumb/v7e-m+fp/hard/crtn.o
 .bss           0x0000000000000000        0x0 c:/st/stm32cubeide_1.8.0/stm32cubeide/plugins/com.st.stm32cube.ide.mcu.externaltools.gnu-tools-for-stm32.9-2020-q2-update.win32_2.0.0.202105311346/tools/bin/../lib/gcc/arm-none-eabi/9.3.1/thumb/v7e-m+fp/hard/crtn.o

Memory Configuration

Name             Origin             Length             Attributes
CCMRAM           0x0000000010000000 0x0000000000010000 xrw
RAM              0x0000000020000000 0x0000000000020000 xrw
FLASH            0x0000000008000000 0x0000000000080000 xr
*default*        0x0000000000000000 0xffffffffffffffff

Linker script and memory map

LOAD c:/st/stm32cubeide_1.8.0/stm32cubeide/plugins/com.st.stm32cube.ide.mcu.externaltools.gnu-tools-for-stm32.9-2020-q2-update.win32_2.0.0.202105311346/tools/bin/../lib/gcc/arm-none-eabi/9.3.1/thumb/v7e-m+fp/hard/crti.o
LOAD c:/st/stm32cubeide_1.8.0/stm32cubeide/plugins/com.st.stm32cube.ide.mcu.externaltools.gnu-tools-for-stm32.9-2020-q2-update.win32_2.0.0.202105311346/tools/bin/../lib/gcc/arm-none-eabi/9.3.1/thumb/v7e-m+fp/hard/crtbegin.o
LOAD c:/st/stm32cubeide_1.8.0/stm32cubeide/plugins/com.st.stm32cube.ide.mcu.externaltools.gnu-tools-for-stm32.9-2020-q2-update.win32_2.0.0.202105311346/tools/bin/../lib/gcc/arm-none-eabi/9.3.1/../../../../arm-none-eabi/lib/thumb/v7e-m+fp/hard/crt0.o
LOAD ./Src/main.o
LOAD ./Src/syscalls.o
LOAD ./Src/sysmem.o
LOAD ./Startup/startup_stm32f407vetx.o
LOAD ./drivers/Src/queue.o
LOAD ./drivers/Src/stm32407xx_gpio_driver.o
LOAD ./drivers/Src/stm32f407xx_I2C_driver.o
LOAD ./drivers/Src/stm32f407xx_SPI_driver.o
LOAD ./drivers/Src/stm32f4xx_USART_driver.o
LOAD ./drivers/Src/timebase.o
START GROUP
LOAD c:/st/stm32cubeide_1.8.0/stm32cubeide/plugins/com.st.stm32cube.ide.mcu.externaltools.gnu-tools-for-stm32.9-2020-q2-update.win32_2.0.0.202105311346/tools/bin/../lib/gcc/arm-none-eabi/9.3.1/../../../../arm-none-eabi/lib/thumb/v7e-m+fp/hard\libc_nano.a
LOAD c:/st/stm32cubeide_1.8.0/stm32cubeide/plugins/com.st.stm32cube.ide.mcu.externaltools.gnu-tools-for-stm32.9-2020-q2-update.win32_2.0.0.202105311346/tools/bin/../lib/gcc/arm-none-eabi/9.3.1/../../../../arm-none-eabi/lib/thumb/v7e-m+fp/hard\libm.a
END GROUP
START GROUP
LOAD c:/st/stm32cubeide_1.8.0/stm32cubeide/plugins/com.st.stm32cube.ide.mcu.externaltools.gnu-tools-for-stm32.9-2020-q2-update.win32_2.0.0.202105311346/tools/bin/../lib/gcc/arm-none-eabi/9.3.1/thumb/v7e-m+fp/hard\libgcc.a
LOAD c:/st/stm32cubeide_1.8.0/stm32cubeide/plugins/com.st.stm32cube.ide.mcu.externaltools.gnu-tools-for-stm32.9-2020-q2-update.win32_2.0.0.202105311346/tools/bin/../lib/gcc/arm-none-eabi/9.3.1/../../../../arm-none-eabi/lib/thumb/v7e-m+fp/hard\libc_nano.a
END GROUP
START GROUP
LOAD c:/st/stm32cubeide_1.8.0/stm32cubeide/plugins/com.st.stm32cube.ide.mcu.externaltools.gnu-tools-for-stm32.9-2020-q2-update.win32_2.0.0.202105311346/tools/bin/../lib/gcc/arm-none-eabi/9.3.1/thumb/v7e-m+fp/hard\libgcc.a
LOAD c:/st/stm32cubeide_1.8.0/stm32cubeide/plugins/com.st.stm32cube.ide.mcu.externaltools.gnu-tools-for-stm32.9-2020-q2-update.win32_2.0.0.202105311346/tools/bin/../lib/gcc/arm-none-eabi/9.3.1/../../../../arm-none-eabi/lib/thumb/v7e-m+fp/hard\libc_nano.a
LOAD c:/st/stm32cubeide_1.8.0/stm32cubeide/plugins/com.st.stm32cube.ide.mcu.externaltools.gnu-tools-for-stm32.9-2020-q2-update.win32_2.0.0.202105311346/tools/bin/../lib/gcc/arm-none-eabi/9.3.1/../../../../arm-none-eabi/lib/thumb/v7e-m+fp/hard\libnosys.a
END GROUP
START GROUP
LOAD c:/st/stm32cubeide_1.8.0/stm32cubeide/plugins/com.st.stm32cube.ide.mcu.externaltools.gnu-tools-for-stm32.9-2020-q2-update.win32_2.0.0.202105311346/tools/bin/../lib/gcc/arm-none-eabi/9.3.1/thumb/v7e-m+fp/hard\libgcc.a
LOAD c:/st/stm32cubeide_1.8.0/stm32cubeide/plugins/com.st.stm32cube.ide.mcu.externaltools.gnu-tools-for-stm32.9-2020-q2-update.win32_2.0.0.202105311346/tools/bin/../lib/gcc/arm-none-eabi/9.3.1/../../../../arm-none-eabi/lib/thumb/v7e-m+fp/hard\libc_nano.a
LOAD c:/st/stm32cubeide_1.8.0/stm32cubeide/plugins/com.st.stm32cube.ide.mcu.externaltools.gnu-tools-for-stm32.9-2020-q2-update.win32_2.0.0.202105311346/tools/bin/../lib/gcc/arm-none-eabi/9.3.1/../../../../arm-none-eabi/lib/thumb/v7e-m+fp/hard\libnosys.a
END GROUP
LOAD c:/st/stm32cubeide_1.8.0/stm32cubeide/plugins/com.st.stm32cube.ide.mcu.externaltools.gnu-tools-for-stm32.9-2020-q2-update.win32_2.0.0.202105311346/tools/bin/../lib/gcc/arm-none-eabi/9.3.1/thumb/v7e-m+fp/hard/crtend.o
LOAD c:/st/stm32cubeide_1.8.0/stm32cubeide/plugins/com.st.stm32cube.ide.mcu.externaltools.gnu-tools-for-stm32.9-2020-q2-update.win32_2.0.0.202105311346/tools/bin/../lib/gcc/arm-none-eabi/9.3.1/thumb/v7e-m+fp/hard/crtn.o
                0x0000000020020000                _estack = (ORIGIN (RAM) + LENGTH (RAM))
                0x0000000000000200                _Min_Heap_Size = 0x200
                0x0000000000000400                _Min_Stack_Size = 0x400

.isr_vector     0x0000000008000000      0x1a8
                0x0000000008000000                . = ALIGN (0x4)
 *(.isr_vector)
 .isr_vector    0x0000000008000000      0x1a8 ./Startup/startup_stm32f407vetx.o
                0x0000000008000000                g_pfnVectors
                0x00000000080001a8                . = ALIGN (0x4)

.text           0x00000000080001a8     0x104c
                0x00000000080001a8                . = ALIGN (0x4)
 *(.text)
 .text          0x00000000080001a8       0x40 c:/st/stm32cubeide_1.8.0/stm32cubeide/plugins/com.st.stm32cube.ide.mcu.externaltools.gnu-tools-for-stm32.9-2020-q2-update.win32_2.0.0.202105311346/tools/bin/../lib/gcc/arm-none-eabi/9.3.1/thumb/v7e-m+fp/hard/crtbegin.o
 .text          0x00000000080001e8       0x10 c:/st/stm32cubeide_1.8.0/stm32cubeide/plugins/com.st.stm32cube.ide.mcu.externaltools.gnu-tools-for-stm32.9-2020-q2-update.win32_2.0.0.202105311346/tools/bin/../lib/gcc/arm-none-eabi/9.3.1/../../../../arm-none-eabi/lib/thumb/v7e-m+fp/hard\libc_nano.a(lib_a-strlen.o)
                0x00000000080001e8                strlen
 *(.text*)
 .text.delay    0x00000000080001f8       0x2c ./Src/main.o
                0x00000000080001f8                delay
 .text.EXTI0_IRQHandler
                0x0000000008000224       0x70 ./Src/main.o
                0x0000000008000224                EXTI0_IRQHandler
 .text.USART3_IRQHandler
                0x0000000008000294       0x2c ./Src/main.o
                0x0000000008000294                USART3_IRQHandler
 .text.USART_GPIOInits
                0x00000000080002c0       0x6c ./Src/main.o
                0x00000000080002c0                USART_GPIOInits
 .text.USART_Inits
                0x000000000800032c       0x50 ./Src/main.o
                0x000000000800032c                USART_Inits
 .text.main     0x000000000800037c       0x58 ./Src/main.o
                0x000000000800037c                main
 .text.Reset_Handler
                0x00000000080003d4       0x50 ./Startup/startup_stm32f407vetx.o
                0x00000000080003d4                Reset_Handler
 .text.Default_Handler
                0x0000000008000424        0x2 ./Startup/startup_stm32f407vetx.o
                0x0000000008000424                RTC_Alarm_IRQHandler
                0x0000000008000424                HASH_RNG_IRQHandler
                0x0000000008000424                EXTI2_IRQHandler
                0x0000000008000424                TIM8_CC_IRQHandler
                0x0000000008000424                DebugMon_Handler
                0x0000000008000424                TIM1_CC_IRQHandler
                0x0000000008000424                DMA2_Stream5_IRQHandler
                0x0000000008000424                HardFault_Handler
                0x0000000008000424                DMA1_Stream5_IRQHandler
                0x0000000008000424                PVD_IRQHandler
                0x0000000008000424                SDIO_IRQHandler
                0x0000000008000424                TAMP_STAMP_IRQHandler
                0x0000000008000424                PendSV_Handler
                0x0000000008000424                NMI_Handler
                0x0000000008000424                CAN2_RX1_IRQHandler
                0x0000000008000424                EXTI3_IRQHandler
                0x0000000008000424                TIM8_TRG_COM_TIM14_IRQHandler
                0x0000000008000424                TIM1_UP_TIM10_IRQHandler
                0x0000000008000424                TIM8_UP_TIM13_IRQHandler
                0x0000000008000424                I2C3_ER_IRQHandler
                0x0000000008000424                LCD_TFT_IRQHandler
                0x0000000008000424                I2C2_EV_IRQHandler
                0x0000000008000424                DMA1_Stream2_IRQHandler
                0x0000000008000424                CAN1_RX0_IRQHandler
                0x0000000008000424                FPU_IRQHandler
                0x0000000008000424                OTG_HS_WKUP_IRQHandler
                0x0000000008000424                UsageFault_Handler
                0x0000000008000424                CAN2_SCE_IRQHandler
                0x0000000008000424                DMA2_Stream2_IRQHandler
                0x0000000008000424                SPI1_IRQHandler
                0x0000000008000424                TIM6_DAC_IRQHandler
                0x0000000008000424                TIM1_BRK_TIM9_IRQHandler
                0x0000000008000424                DCMI_IRQHandler
                0x0000000008000424                CAN2_RX0_IRQHandler
                0x0000000008000424                DMA2_Stream3_IRQHandler
                0x0000000008000424                USART6_IRQHandler
                0x0000000008000424                CRYP_IRQHandler
                0x0000000008000424                CAN1_RX1_IRQHandler
                0x0000000008000424                UART5_IRQHandler
                0x0000000008000424                DMA2_Stream0_IRQHandler
                0x0000000008000424                TIM4_IRQHandler
                0x0000000008000424                I2C1_EV_IRQHandler
                0x0000000008000424                DMA1_Stream6_IRQHandler
                0x0000000008000424                DMA1_Stream1_IRQHandler
                0x0000000008000424                UART4_IRQHandler
                0x0000000008000424                LCD_TFT_1_IRQHandler
                0x0000000008000424                TIM3_IRQHandler
                0x0000000008000424                RCC_IRQHandler
                0x0000000008000424                TIM8_BRK_TIM12_IRQHandler
                0x0000000008000424                Default_Handler
                0x0000000008000424                EXTI15_10_IRQHandler
                0x0000000008000424                ADC_IRQHandler
                0x0000000008000424                DMA1_Stream7_IRQHandler
                0x0000000008000424                TIM7_IRQHandler
                0x0000000008000424                CAN2_TX_IRQHandler
                0x0000000008000424                TIM5_IRQHandler
                0x0000000008000424                DMA2_Stream7_IRQHandler
                0x0000000008000424                I2C3_EV_IRQHandler
                0x0000000008000424                EXTI9_5_IRQHandler
                0x0000000008000424                RTC_WKUP_IRQHandler
                0x0000000008000424                ETH_WKUP_IRQHandler
                0x0000000008000424                SPI2_IRQHandler
                0x0000000008000424                OTG_HS_EP1_IN_IRQHandler
                0x0000000008000424                MemManage_Handler
                0x0000000008000424                DMA1_Stream0_IRQHandler
                0x0000000008000424                CAN1_TX_IRQHandler
                0x0000000008000424                SVC_Handler
                0x0000000008000424                EXTI4_IRQHandler
                0x0000000008000424                FSMC_IRQHandler
                0x0000000008000424                ETH_IRQHandler
                0x0000000008000424                OTG_HS_EP1_OUT_IRQHandler
                0x0000000008000424                WWDG_IRQHandler
                0x0000000008000424                TIM2_IRQHandler
                0x0000000008000424                OTG_FS_WKUP_IRQHandler
                0x0000000008000424                TIM1_TRG_COM_TIM11_IRQHandler
                0x0000000008000424                OTG_HS_IRQHandler
                0x0000000008000424                EXTI1_IRQHandler
                0x0000000008000424                USART2_IRQHandler
                0x0000000008000424                I2C2_ER_IRQHandler
                0x0000000008000424                DMA2_Stream1_IRQHandler
                0x0000000008000424                CAN1_SCE_IRQHandler
                0x0000000008000424                DMA2_Stream4_IRQHandler
                0x0000000008000424                BusFault_Handler
                0x0000000008000424                USART1_IRQHandler
                0x0000000008000424                OTG_FS_IRQHandler
                0x0000000008000424                SPI3_IRQHandler
                0x0000000008000424                DMA1_Stream4_IRQHandler
                0x0000000008000424                I2C1_ER_IRQHandler
                0x0000000008000424                DMA2_Stream6_IRQHandler
                0x0000000008000424                DMA1_Stream3_IRQHandler
 .text.Queue_Init
                0x0000000008000426       0x2c ./drivers/Src/queue.o
                0x0000000008000426                Queue_Init
 .text.Queue_Enqueue
                0x0000000008000452       0x5a ./drivers/Src/queue.o
                0x0000000008000452                Queue_Enqueue
 .text.GPIO_init
                0x00000000080004ac      0x2f0 ./drivers/Src/stm32407xx_gpio_driver.o
                0x00000000080004ac                GPIO_init
 .text.GPIO_Peripehral_clk_control
                0x000000000800079c      0x1bc ./drivers/Src/stm32407xx_gpio_driver.o
                0x000000000800079c                GPIO_Peripehral_clk_control
 .text.GPIO_baseaddr_to_code
                0x0000000008000958       0xb8 ./drivers/Src/stm32407xx_gpio_driver.o
                0x0000000008000958                GPIO_baseaddr_to_code
 .text.GPIO_IRQConfig
                0x0000000008000a10       0x8c ./drivers/Src/stm32407xx_gpio_driver.o
                0x0000000008000a10                GPIO_IRQConfig
 .text.GPIO_IRQHandling
                0x0000000008000a9c       0x40 ./drivers/Src/stm32407xx_gpio_driver.o
                0x0000000008000a9c                GPIO_IRQHandling
 .text.getPCLK1Frequ
                0x0000000008000adc       0xa8 ./drivers/Src/stm32f4xx_USART_driver.o
                0x0000000008000adc                getPCLK1Frequ
 .text.getPCLK2Frequ
                0x0000000008000b84       0xa8 ./drivers/Src/stm32f4xx_USART_driver.o
                0x0000000008000b84                getPCLK2Frequ
 .text.USART_PeriClockControl
                0x0000000008000c2c      0x130 ./drivers/Src/stm32f4xx_USART_driver.o
                0x0000000008000c2c                USART_PeriClockControl
 .text.USART_PeripheralControl
                0x0000000008000d5c       0x3e ./drivers/Src/stm32f4xx_USART_driver.o
                0x0000000008000d5c                USART_PeripheralControl
 .text.USART_GetFlagStatus
                0x0000000008000d9a       0x26 ./drivers/Src/stm32f4xx_USART_driver.o
                0x0000000008000d9a                USART_GetFlagStatus
 .text.USART_Init
                0x0000000008000dc0      0x10e ./drivers/Src/stm32f4xx_USART_driver.o
                0x0000000008000dc0                USART_Init
 *fill*         0x0000000008000ece        0x2 
 .text.USART_SetBaudRate
                0x0000000008000ed0       0xe4 ./drivers/Src/stm32f4xx_USART_driver.o
                0x0000000008000ed0                USART_SetBaudRate
 .text.USART_SendData
                0x0000000008000fb4       0x9c ./drivers/Src/stm32f4xx_USART_driver.o
                0x0000000008000fb4                USART_SendData
 .text.USART_IRQConfig
                0x0000000008001050       0x8c ./drivers/Src/stm32f4xx_USART_driver.o
                0x0000000008001050                USART_IRQConfig
 .text.init_systick_timer
                0x00000000080010dc       0x58 ./drivers/Src/timebase.o
                0x00000000080010dc                init_systick_timer
 .text.SysTick_Handler
                0x0000000008001134       0x1c ./drivers/Src/timebase.o
                0x0000000008001134                SysTick_Handler
 .text.getTicks
                0x0000000008001150       0x18 ./drivers/Src/timebase.o
                0x0000000008001150                getTicks
 .text.delayTicks
                0x0000000008001168       0x2a ./drivers/Src/timebase.o
                0x0000000008001168                delayTicks
 *fill*         0x0000000008001192        0x2 
 .text.__libc_init_array
                0x0000000008001194       0x48 c:/st/stm32cubeide_1.8.0/stm32cubeide/plugins/com.st.stm32cube.ide.mcu.externaltools.gnu-tools-for-stm32.9-2020-q2-update.win32_2.0.0.202105311346/tools/bin/../lib/gcc/arm-none-eabi/9.3.1/../../../../arm-none-eabi/lib/thumb/v7e-m+fp/hard\libc_nano.a(lib_a-init.o)
                0x0000000008001194                __libc_init_array
 *(.glue_7)
 .glue_7        0x00000000080011dc        0x0 linker stubs
 *(.glue_7t)
 .glue_7t       0x00000000080011dc        0x0 linker stubs
 *(.eh_frame)
 .eh_frame      0x00000000080011dc        0x0 c:/st/stm32cubeide_1.8.0/stm32cubeide/plugins/com.st.stm32cube.ide.mcu.externaltools.gnu-tools-for-stm32.9-2020-q2-update.win32_2.0.0.202105311346/tools/bin/../lib/gcc/arm-none-eabi/9.3.1/thumb/v7e-m+fp/hard/crtbegin.o
 *(.init)
 .init          0x00000000080011dc        0x4 c:/st/stm32cubeide_1.8.0/stm32cubeide/plugins/com.st.stm32cube.ide.mcu.externaltools.gnu-tools-for-stm32.9-2020-q2-update.win32_2.0.0.202105311346/tools/bin/../lib/gcc/arm-none-eabi/9.3.1/thumb/v7e-m+fp/hard/crti.o
                0x00000000080011dc                _init
 .init          0x00000000080011e0        0x8 c:/st/stm32cubeide_1.8.0/stm32cubeide/plugins/com.st.stm32cube.ide.mcu.externaltools.gnu-tools-for-stm32.9-2020-q2-update.win32_2.0.0.202105311346/tools/bin/../lib/gcc/arm-none-eabi/9.3.1/thumb/v7e-m+fp/hard/crtn.o
 *(.fini)
 .fini          0x00000000080011e8        0x4 c:/st/stm32cubeide_1.8.0/stm32cubeide/plugins/com.st.stm32cube.ide.mcu.externaltools.gnu-tools-for-stm32.9-2020-q2-update.win32_2.0.0.202105311346/tools/bin/../lib/gcc/arm-none-eabi/9.3.1/thumb/v7e-m+fp/hard/crti.o
                0x00000000080011e8                _fini
 .fini          0x00000000080011ec        0x8 c:/st/stm32cubeide_1.8.0/stm32cubeide/plugins/com.st.stm32cube.ide.mcu.externaltools.gnu-tools-for-stm32.9-2020-q2-update.win32_2.0.0.202105311346/tools/bin/../lib/gcc/arm-none-eabi/9.3.1/thumb/v7e-m+fp/hard/crtn.o
                0x00000000080011f4                . = ALIGN (0x4)
                0x00000000080011f4                _etext = .

.vfp11_veneer   0x00000000080011f4        0x0
 .vfp11_veneer  0x00000000080011f4        0x0 linker stubs

.v4_bx          0x00000000080011f4        0x0
 .v4_bx         0x00000000080011f4        0x0 linker stubs

.iplt           0x00000000080011f4        0x0
 .iplt          0x00000000080011f4        0x0 c:/st/stm32cubeide_1.8.0/stm32cubeide/plugins/com.st.stm32cube.ide.mcu.externaltools.gnu-tools-for-stm32.9-2020-q2-update.win32_2.0.0.202105311346/tools/bin/../lib/gcc/arm-none-eabi/9.3.1/thumb/v7e-m+fp/hard/crtbegin.o

.rodata         0x00000000080011f4        0xc
                0x00000000080011f4                . = ALIGN (0x4)
 *(.rodata)
 .rodata        0x00000000080011f4        0xc ./Src/main.o
 *(.rodata*)
                0x0000000008001200                . = ALIGN (0x4)

.rel.dyn        0x0000000008001200        0x0
 .rel.iplt      0x0000000008001200        0x0 c:/st/stm32cubeide_1.8.0/stm32cubeide/plugins/com.st.stm32cube.ide.mcu.externaltools.gnu-tools-for-stm32.9-2020-q2-update.win32_2.0.0.202105311346/tools/bin/../lib/gcc/arm-none-eabi/9.3.1/thumb/v7e-m+fp/hard/crtbegin.o

.ARM.extab      0x0000000008001200        0x0
                0x0000000008001200                . = ALIGN (0x4)
 *(.ARM.extab* .gnu.linkonce.armextab.*)
                0x0000000008001200                . = ALIGN (0x4)

.ARM            0x0000000008001200        0x0
                0x0000000008001200                . = ALIGN (0x4)
                0x0000000008001200                __exidx_start = .
 *(.ARM.exidx*)
                0x0000000008001200                __exidx_end = .
                0x0000000008001200                . = ALIGN (0x4)

.preinit_array  0x0000000008001200        0x0
                0x0000000008001200                . = ALIGN (0x4)
                0x0000000008001200                PROVIDE (__preinit_array_start = .)
 *(.preinit_array*)
                0x0000000008001200                PROVIDE (__preinit_array_end = .)
                0x0000000008001200                . = ALIGN (0x4)

.init_array     0x0000000008001200        0x4
                0x0000000008001200                . = ALIGN (0x4)
                0x0000000008001200                PROVIDE (__init_array_start = .)
 *(SORT_BY_NAME(.init_array.*))
 *(.init_array*)
 .init_array    0x0000000008001200        0x4 c:/st/stm32cubeide_1.8.0/stm32cubeide/plugins/com.st.stm32cube.ide.mcu.externaltools.gnu-tools-for-stm32.9-2020-q2-update.win32_2.0.0.202105311346/tools/bin/../lib/gcc/arm-none-eabi/9.3.1/thumb/v7e-m+fp/hard/crtbegin.o
                0x0000000008001204                PROVIDE (__init_array_end = .)
                0x0000000008001204                . = ALIGN (0x4)

.fini_array     0x0000000008001204        0x4
                0x0000000008001204                . = ALIGN (0x4)
                [!provide]                        PROVIDE (__fini_array_start = .)
 *(SORT_BY_NAME(.fini_array.*))
 *(.fini_array*)
 .fini_array    0x0000000008001204        0x4 c:/st/stm32cubeide_1.8.0/stm32cubeide/plugins/com.st.stm32cube.ide.mcu.externaltools.gnu-tools-for-stm32.9-2020-q2-update.win32_2.0.0.202105311346/tools/bin/../lib/gcc/arm-none-eabi/9.3.1/thumb/v7e-m+fp/hard/crtbegin.o
                [!provide]                        PROVIDE (__fini_array_end = .)
                0x0000000008001208                . = ALIGN (0x4)
                0x0000000008001208                _sidata = LOADADDR (.data)

.data           0x0000000020000000       0x20 load address 0x0000000008001208
                0x0000000020000000                . = ALIGN (0x4)
                0x0000000020000000                _sdata = .
 *(.data)
 *(.data*)
 .data.buf      0x0000000020000000        0xc ./Src/main.o
                0x0000000020000000                buf
 .data.factor_AHBu
                0x000000002000000c       0x10 ./drivers/Src/stm32f4xx_USART_driver.o
                0x000000002000000c                factor_AHBu
 .data.factor_APB1u
                0x000000002000001c        0x4 ./drivers/Src/stm32f4xx_USART_driver.o
                0x000000002000001c                factor_APB1u
 *(.RamFunc)
 *(.RamFunc*)
                0x0000000020000020                . = ALIGN (0x4)
                0x0000000020000020                _edata = .
                0x0000000008001228                _siccmram = LOADADDR (.ccmram)

.igot.plt       0x0000000020000020        0x0 load address 0x0000000008001228
 .igot.plt      0x0000000020000020        0x0 c:/st/stm32cubeide_1.8.0/stm32cubeide/plugins/com.st.stm32cube.ide.mcu.externaltools.gnu-tools-for-stm32.9-2020-q2-update.win32_2.0.0.202105311346/tools/bin/../lib/gcc/arm-none-eabi/9.3.1/thumb/v7e-m+fp/hard/crtbegin.o

.ccmram         0x0000000010000000        0x0 load address 0x0000000008001228
                0x0000000010000000                . = ALIGN (0x4)
                0x0000000010000000                _sccmram = .
 *(.ccmram)
 *(.ccmram*)
                0x0000000010000000                . = ALIGN (0x4)
                0x0000000010000000                _eccmram = .
                0x0000000010000000                . = ALIGN (0x4)

.bss            0x0000000020000020      0x248
                0x0000000020000020                _sbss = .
                0x0000000020000020                __bss_start__ = _sbss
 *(.bss)
 .bss           0x0000000020000020       0x1c c:/st/stm32cubeide_1.8.0/stm32cubeide/plugins/com.st.stm32cube.ide.mcu.externaltools.gnu-tools-for-stm32.9-2020-q2-update.win32_2.0.0.202105311346/tools/bin/../lib/gcc/arm-none-eabi/9.3.1/thumb/v7e-m+fp/hard/crtbegin.o
 *(.bss*)
 .bss.q         0x000000002000003c      0x10c ./Src/main.o
                0x000000002000003c                q
 .bss.i         0x0000000020000148        0x4 ./Src/main.o
                0x0000000020000148                i
 .bss.gTicks    0x000000002000014c        0x4 ./drivers/Src/timebase.o
                0x000000002000014c                gTicks
 *(COMMON)
 COMMON         0x0000000020000150      0x118 ./Src/main.o
                0x0000000020000150                usart_init
                0x0000000020000164                data
                0x0000000020000168                a
                0x0000000020000268                . = ALIGN (0x4)
                0x0000000020000268                _ebss = .
                0x0000000020000268                __bss_end__ = _ebss

._user_heap_stack
                0x0000000020000268      0x600
                0x0000000020000268                . = ALIGN (0x8)
                [!provide]                        PROVIDE (end = .)
                0x0000000020000268                PROVIDE (_end = .)
                0x0000000020000468                . = (. + _Min_Heap_Size)
 *fill*         0x0000000020000268      0x200 
                0x0000000020000868                . = (. + _Min_Stack_Size)
 *fill*         0x0000000020000468      0x400 
                0x0000000020000868                . = ALIGN (0x8)

/DISCARD/
 libc.a(*)
 libm.a(*)
 libgcc.a(*)

.ARM.attributes
                0x0000000000000000       0x30
 *(.ARM.attributes)
 .ARM.attributes
                0x0000000000000000       0x1e c:/st/stm32cubeide_1.8.0/stm32cubeide/plugins/com.st.stm32cube.ide.mcu.externaltools.gnu-tools-for-stm32.9-2020-q2-update.win32_2.0.0.202105311346/tools/bin/../lib/gcc/arm-none-eabi/9.3.1/thumb/v7e-m+fp/hard/crti.o
 .ARM.attributes
                0x000000000000001e       0x34 c:/st/stm32cubeide_1.8.0/stm32cubeide/plugins/com.st.stm32cube.ide.mcu.externaltools.gnu-tools-for-stm32.9-2020-q2-update.win32_2.0.0.202105311346/tools/bin/../lib/gcc/arm-none-eabi/9.3.1/thumb/v7e-m+fp/hard/crtbegin.o
 .ARM.attributes
                0x0000000000000052       0x34 ./Src/main.o
 .ARM.attributes
                0x0000000000000086       0x21 ./Startup/startup_stm32f407vetx.o
 .ARM.attributes
                0x00000000000000a7       0x34 ./drivers/Src/queue.o
 .ARM.attributes
                0x00000000000000db       0x34 ./drivers/Src/stm32407xx_gpio_driver.o
 .ARM.attributes
                0x000000000000010f       0x34 ./drivers/Src/stm32f4xx_USART_driver.o
 .ARM.attributes
                0x0000000000000143       0x34 ./drivers/Src/timebase.o
 .ARM.attributes
                0x0000000000000177       0x34 c:/st/stm32cubeide_1.8.0/stm32cubeide/plugins/com.st.stm32cube.ide.mcu.externaltools.gnu-tools-for-stm32.9-2020-q2-update.win32_2.0.0.202105311346/tools/bin/../lib/gcc/arm-none-eabi/9.3.1/../../../../arm-none-eabi/lib/thumb/v7e-m+fp/hard\libc_nano.a(lib_a-init.o)
 .ARM.attributes
                0x00000000000001ab       0x17 c:/st/stm32cubeide_1.8.0/stm32cubeide/plugins/com.st.stm32cube.ide.mcu.externaltools.gnu-tools-for-stm32.9-2020-q2-update.win32_2.0.0.202105311346/tools/bin/../lib/gcc/arm-none-eabi/9.3.1/../../../../arm-none-eabi/lib/thumb/v7e-m+fp/hard\libc_nano.a(lib_a-strlen.o)
 .ARM.attributes
                0x00000000000001c2       0x1e c:/st/stm32cubeide_1.8.0/stm32cubeide/plugins/com.st.stm32cube.ide.mcu.externaltools.gnu-tools-for-stm32.9-2020-q2-update.win32_2.0.0.202105311346/tools/bin/../lib/gcc/arm-none-eabi/9.3.1/thumb/v7e-m+fp/hard/crtn.o
OUTPUT(Secure_Bootloader.elf elf32-littlearm)
LOAD linker stubs
LOAD c:/st/stm32cubeide_1.8.0/stm32cubeide/plugins/com.st.stm32cube.ide.mcu.externaltools.gnu-tools-for-stm32.9-2020-q2-update.win32_2.0.0.202105311346/tools/bin/../lib/gcc/arm-none-eabi/9.3.1/../../../../arm-none-eabi/lib/thumb/v7e-m+fp/hard\libc.a
LOAD c:/st/stm32cubeide_1.8.0/stm32cubeide/plugins/com.st.stm32cube.ide.mcu.externaltools.gnu-tools-for-stm32.9-2020-q2-update.win32_2.0.0.202105311346/tools/bin/../lib/gcc/arm-none-eabi/9.3.1/../../../../arm-none-eabi/lib/thumb/v7e-m+fp/hard\libm.a
LOAD c:/st/stm32cubeide_1.8.0/stm32cubeide/plugins/com.st.stm32cube.ide.mcu.externaltools.gnu-tools-for-stm32.9-2020-q2-update.win32_2.0.0.202105311346/tools/bin/../lib/gcc/arm-none-eabi/9.3.1/thumb/v7e-m+fp/hard\libgcc.a

.debug_info     0x0000000000000000     0x205d
 .debug_info    0x0000000000000000      0xd7a ./Src/main.o
 .debug_info    0x0000000000000d7a       0x22 ./Startup/startup_stm32f407vetx.o
 .debug_info    0x0000000000000d9c      0x17a ./drivers/Src/queue.o
 .debug_info    0x0000000000000f16      0x88b ./drivers/Src/stm32407xx_gpio_driver.o
 .debug_info    0x00000000000017a1      0x765 ./drivers/Src/stm32f4xx_USART_driver.o
 .debug_info    0x0000000000001f06      0x157 ./drivers/Src/timebase.o

.debug_abbrev   0x0000000000000000      0x845
 .debug_abbrev  0x0000000000000000      0x275 ./Src/main.o
 .debug_abbrev  0x0000000000000275       0x12 ./Startup/startup_stm32f407vetx.o
 .debug_abbrev  0x0000000000000287       0xfa ./drivers/Src/queue.o
 .debug_abbrev  0x0000000000000381      0x1d3 ./drivers/Src/stm32407xx_gpio_driver.o
 .debug_abbrev  0x0000000000000554      0x20b ./drivers/Src/stm32f4xx_USART_driver.o
 .debug_abbrev  0x000000000000075f       0xe6 ./drivers/Src/timebase.o

.debug_aranges  0x0000000000000000      0x1b0
 .debug_aranges
                0x0000000000000000       0x48 ./Src/main.o
 .debug_aranges
                0x0000000000000048       0x28 ./Startup/startup_stm32f407vetx.o
 .debug_aranges
                0x0000000000000070       0x28 ./drivers/Src/queue.o
 .debug_aranges
                0x0000000000000098       0x80 ./drivers/Src/stm32407xx_gpio_driver.o
 .debug_aranges
                0x0000000000000118       0x60 ./drivers/Src/stm32f4xx_USART_driver.o
 .debug_aranges
                0x0000000000000178       0x38 ./drivers/Src/timebase.o

.debug_ranges   0x0000000000000000      0x170
 .debug_ranges  0x0000000000000000       0x38 ./Src/main.o
 .debug_ranges  0x0000000000000038       0x20 ./Startup/startup_stm32f407vetx.o
 .debug_ranges  0x0000000000000058       0x18 ./drivers/Src/queue.o
 .debug_ranges  0x0000000000000070       0x88 ./drivers/Src/stm32407xx_gpio_driver.o
 .debug_ranges  0x00000000000000f8       0x50 ./drivers/Src/stm32f4xx_USART_driver.o
 .debug_ranges  0x0000000000000148       0x28 ./drivers/Src/timebase.o

.debug_macro    0x0000000000000000     0x267f
 .debug_macro   0x0000000000000000      0x187 ./Src/main.o
 .debug_macro   0x0000000000000187      0xaae ./Src/main.o
 .debug_macro   0x0000000000000c35      0x174 ./Src/main.o
 .debug_macro   0x0000000000000da9      0x415 ./Src/main.o
 .debug_macro   0x00000000000011be       0x22 ./Src/main.o
 .debug_macro   0x00000000000011e0       0x8e ./Src/main.o
 .debug_macro   0x000000000000126e       0x51 ./Src/main.o
 .debug_macro   0x00000000000012bf      0x103 ./Src/main.o
 .debug_macro   0x00000000000013c2       0x6a ./Src/main.o
 .debug_macro   0x000000000000142c      0x1df ./Src/main.o
 .debug_macro   0x000000000000160b      0x1d9 ./Src/main.o
 .debug_macro   0x00000000000017e4       0xac ./Src/main.o
 .debug_macro   0x0000000000001890       0xca ./Src/main.o
 .debug_macro   0x000000000000195a      0x138 ./Src/main.o
 .debug_macro   0x0000000000001a92       0x52 ./Src/main.o
 .debug_macro   0x0000000000001ae4       0x18 ./Src/main.o
 .debug_macro   0x0000000000001afc       0x3c ./Src/main.o
 .debug_macro   0x0000000000001b38       0x34 ./Src/main.o
 .debug_macro   0x0000000000001b6c       0x16 ./Src/main.o
 .debug_macro   0x0000000000001b82       0x43 ./Src/main.o
 .debug_macro   0x0000000000001bc5       0x34 ./Src/main.o
 .debug_macro   0x0000000000001bf9       0x10 ./Src/main.o
 .debug_macro   0x0000000000001c09       0x58 ./Src/main.o
 .debug_macro   0x0000000000001c61       0x71 ./Src/main.o
 .debug_macro   0x0000000000001cd2       0x1c ./Src/main.o
 .debug_macro   0x0000000000001cee      0x12a ./Src/main.o
 .debug_macro   0x0000000000001e18      0x339 ./Src/main.o
 .debug_macro   0x0000000000002151       0x10 ./Src/main.o
 .debug_macro   0x0000000000002161       0x35 ./Src/main.o
 .debug_macro   0x0000000000002196       0x20 ./Src/main.o
 .debug_macro   0x00000000000021b6       0x10 ./Src/main.o
 .debug_macro   0x00000000000021c6       0x1c ./Src/main.o
 .debug_macro   0x00000000000021e2       0xa5 ./drivers/Src/queue.o
 .debug_macro   0x0000000000002287       0xa4 ./drivers/Src/stm32407xx_gpio_driver.o
 .debug_macro   0x000000000000232b       0xc4 ./drivers/Src/stm32407xx_gpio_driver.o
 .debug_macro   0x00000000000023ef       0xa4 ./drivers/Src/stm32f4xx_USART_driver.o
 .debug_macro   0x0000000000002493      0x132 ./drivers/Src/stm32f4xx_USART_driver.o
 .debug_macro   0x00000000000025c5       0xa4 ./drivers/Src/timebase.o
 .debug_macro   0x0000000000002669       0x16 ./drivers/Src/timebase.o

.debug_line     0x0000000000000000     0x207e
 .debug_line    0x0000000000000000      0x6b4 ./Src/main.o
 .debug_line    0x00000000000006b4       0x84 ./Startup/startup_stm32f407vetx.o
 .debug_line    0x0000000000000738      0x450 ./drivers/Src/queue.o
 .debug_line    0x0000000000000b88      0x90f ./drivers/Src/stm32407xx_gpio_driver.o
 .debug_line    0x0000000000001497      0x769 ./drivers/Src/stm32f4xx_USART_driver.o
 .debug_line    0x0000000000001c00      0x47e ./drivers/Src/timebase.o

.debug_str      0x0000000000000000     0x98ff
 .debug_str     0x0000000000000000     0x92c4 ./Src/main.o
                                       0x9564 (size before relaxing)
 .debug_str     0x00000000000092c4       0x31 ./Startup/startup_stm32f407vetx.o
                                         0x67 (size before relaxing)
 .debug_str     0x00000000000092f5       0x30 ./drivers/Src/queue.o
                                       0x5a1d (size before relaxing)
 .debug_str     0x0000000000009325      0x3e8 ./drivers/Src/stm32407xx_gpio_driver.o
                                       0x6044 (size before relaxing)
 .debug_str     0x000000000000970d      0x16e ./drivers/Src/stm32f4xx_USART_driver.o
                                       0x62f4 (size before relaxing)
 .debug_str     0x000000000000987b       0x84 ./drivers/Src/timebase.o
                                       0x5a65 (size before relaxing)

.comment        0x0000000000000000       0x53
 .comment       0x0000000000000000       0x53 ./Src/main.o
                                         0x54 (size before relaxing)
 .comment       0x0000000000000053       0x54 ./drivers/Src/queue.o
 .comment       0x0000000000000053       0x54 ./drivers/Src/stm32407xx_gpio_driver.o
 .comment       0x0000000000000053       0x54 ./drivers/Src/stm32f4xx_USART_driver.o
 .comment       0x0000000000000053       0x54 ./drivers/Src/timebase.o

.debug_frame    0x0000000000000000      0x578
 .debug_frame   0x0000000000000000       0xd4 ./Src/main.o
 .debug_frame   0x00000000000000d4       0x60 ./drivers/Src/queue.o
 .debug_frame   0x0000000000000134      0x210 ./drivers/Src/stm32407xx_gpio_driver.o
 .debug_frame   0x0000000000000344      0x16c ./drivers/Src/stm32f4xx_USART_driver.o
 .debug_frame   0x00000000000004b0       0x9c ./drivers/Src/timebase.o
 .debug_frame   0x000000000000054c       0x2c c:/st/stm32cubeide_1.8.0/stm32cubeide/plugins/com.st.stm32cube.ide.mcu.externaltools.gnu-tools-for-stm32.9-2020-q2-update.win32_2.0.0.202105311346/tools/bin/../lib/gcc/arm-none-eabi/9.3.1/../../../../arm-none-eabi/lib/thumb/v7e-m+fp/hard\libc_nano.a(lib_a-init.o)
