stm32f407xx_I2C_driver.c:23:10:getPCLK1Freq	16	static
stm32f407xx_I2C_driver.c:73:6:I2C_Peripehral_clk_control	16	static
stm32f407xx_I2C_driver.c:106:6:I2C_EnDi	16	static
stm32f407xx_I2C_driver.c:117:6:I2C_init	32	static
stm32f407xx_I2C_driver.c:183:6:I2C_MasterSendData	24	static
stm32f407xx_I2C_driver.c:215:6:I2C_MasterReceiveData	24	static
stm32f407xx_I2C_driver.c:279:13:I2C_Gen_Start	16	static
stm32f407xx_I2C_driver.c:283:9:I2C_GetFlagStatus	16	static
stm32f407xx_I2C_driver.c:292:13:I2C_ExecuteAddressPhase	16	static
stm32f407xx_I2C_driver.c:299:13:I2C_ExecuteAddressPhaseRead	16	static
stm32f407xx_I2C_driver.c:305:13:ClearAddrFlag	24	static
stm32f407xx_I2C_driver.c:339:13:I2C_Gen_Stop	16	static
stm32f407xx_I2C_driver.c:343:13:EnDi_Interrupts	16	static
stm32f407xx_I2C_driver.c:358:9:I2C_MasterReceiveDataIT	32	static
stm32f407xx_I2C_driver.c:378:9:I2C_MasterSendDataIT	24	static
stm32f407xx_I2C_driver.c:402:6:I2C_EV_IRQHandling	32	static
stm32f407xx_I2C_driver.c:505:13:I2CMasterHandleTXEInterrupt	16	static
stm32f407xx_I2C_driver.c:518:13:I2CMasterHandleRXNEInterrupt	16	static
stm32f407xx_I2C_driver.c:566:13:I2C_CloseSendData	16	static
stm32f407xx_I2C_driver.c:581:13:I2C_CloseReceiveData	16	static
stm32f407xx_I2C_driver.c:593:6:I2C_IRQConfig	40	static
